Component: ARM Compiler 5.06 update 6 (build 750) Tool: armlink [4d35ed]

==============================================================================

Section Cross References

    startup_stm32f4xx.o(STACK) refers (Special) to heapauxi.o(.text) for __use_two_region_memory
    startup_stm32f4xx.o(HEAP) refers (Special) to heapauxi.o(.text) for __use_two_region_memory
    startup_stm32f4xx.o(RESET) refers (Special) to heapauxi.o(.text) for __use_two_region_memory
    startup_stm32f4xx.o(RESET) refers to startup_stm32f4xx.o(STACK) for __initial_sp
    startup_stm32f4xx.o(RESET) refers to startup_stm32f4xx.o(.text) for Reset_Handler
    startup_stm32f4xx.o(RESET) refers to stm32f4xx_it.o(.text) for NMI_Handler
    startup_stm32f4xx.o(RESET) refers to port.o(.emb_text) for SVC_Handler
    startup_stm32f4xx.o(RESET) refers to port.o(.text) for SysTick_Handler
    startup_stm32f4xx.o(RESET) refers to main.o(.text) for TIM2_IRQHandler
    startup_stm32f4xx.o(.text) refers (Special) to heapauxi.o(.text) for __use_two_region_memory
    startup_stm32f4xx.o(.text) refers to system_stm32f4xx.o(.text) for SystemInit
    startup_stm32f4xx.o(.text) refers to __main.o(!!!main) for __main
    startup_stm32f4xx.o(.text) refers to startup_stm32f4xx.o(HEAP) for Heap_Mem
    startup_stm32f4xx.o(.text) refers to startup_stm32f4xx.o(STACK) for Stack_Mem
    system_stm32f4xx.o(.text) refers to system_stm32f4xx.o(.data) for SystemCoreClock
    main.o(.text) refers to stm32f4xx_rcc.o(.text) for RCC_AHB1PeriphClockCmd
    main.o(.text) refers to stm32f4xx_gpio.o(.text) for GPIO_Init
    main.o(.text) refers to stm32f4xx_tim.o(.text) for TIM_TimeBaseInit
    main.o(.text) refers to misc.o(.text) for NVIC_Init
    main.o(.text) refers to system_stm32f4xx.o(.text) for SystemInit
    main.o(.text) refers to codec.o(.text) for codec_init
    main.o(.text) refers to stm32f4xx_spi.o(.text) for I2S_Cmd
    main.o(.text) refers to main.o(.data) for GPIO_Initstructure
    main.o(.text) refers to main.o(.bss) for timer_InitStructure
    main.o(.text) refers to discoveryf4utils.o(.text) for STM_EVAL_LEDOn
    main.o(.text) refers to tasks.o(.text) for vTaskDelay
    main.o(.text) refers to daddsub_clz.o(x$fpl$dadd) for __aeabi_dadd
    main.o(.text) refers to drleqf.o(x$fpl$drleqf) for __aeabi_cdrcmple
    main.o(.text) refers to daddsub_clz.o(x$fpl$dsub) for __aeabi_dsub
    main.o(.text) refers to d2f.o(x$fpl$d2f) for __aeabi_d2f
    main.o(.text) refers to f2d.o(x$fpl$f2d) for __aeabi_f2d
    main.o(.text) refers to dmul.o(x$fpl$dmul) for __aeabi_dmul
    main.o(.text) refers to dfix.o(x$fpl$dfix) for __aeabi_d2iz
    discoveryf4utils.o(.text) refers to stm32f4xx_rcc.o(.text) for RCC_AHB1PeriphClockCmd
    discoveryf4utils.o(.text) refers to stm32f4xx_gpio.o(.text) for GPIO_Init
    discoveryf4utils.o(.text) refers to stm32f4xx_syscfg.o(.text) for SYSCFG_EXTILineConfig
    discoveryf4utils.o(.text) refers to stm32f4xx_exti.o(.text) for EXTI_Init
    discoveryf4utils.o(.text) refers to misc.o(.text) for NVIC_Init
    discoveryf4utils.o(.text) refers to stm32f4xx_usart.o(.text) for USART_Init
    discoveryf4utils.o(.text) refers to discoveryf4utils.o(.constdata) for GPIO_CLK
    discoveryf4utils.o(.text) refers to discoveryf4utils.o(.data) for GPIO_PORT
    codec.o(.text) refers to stm32f4xx_gpio.o(.text) for GPIO_StructInit
    codec.o(.text) refers to stm32f4xx_rcc.o(.text) for RCC_AHB1PeriphClockCmd
    codec.o(.text) refers to stm32f4xx_spi.o(.text) for SPI_I2S_DeInit
    codec.o(.text) refers to stm32f4xx_i2c.o(.text) for I2C_DeInit
    codec.o(.text) refers to codec.o(.bss) for I2S_InitType
    croutine.o(.text) refers to list.o(.text) for vListInitialise
    croutine.o(.text) refers to heap_2.o(.text) for pvPortMalloc
    croutine.o(.text) refers to port.o(.emb_text) for ulPortSetInterruptMask
    croutine.o(.text) refers to tasks.o(.text) for xTaskGetTickCount
    croutine.o(.text) refers to croutine.o(.bss) for pxReadyCoRoutineLists
    croutine.o(.text) refers to croutine.o(.data) for pxDelayedCoRoutineList
    event_groups.o(.text) refers to heap_2.o(.text) for pvPortMalloc
    event_groups.o(.text) refers to list.o(.text) for vListInitialise
    event_groups.o(.text) refers to port.o(.emb_text) for ulPortSetInterruptMask
    event_groups.o(.text) refers to tasks.o(.text) for vTaskSuspendAll
    event_groups.o(.text) refers to port.o(.text) for vPortYield
    queue.o(.text) refers to port.o(.emb_text) for ulPortSetInterruptMask
    queue.o(.text) refers to port.o(.text) for vPortEnterCritical
    queue.o(.text) refers to tasks.o(.text) for xTaskRemoveFromEventList
    queue.o(.text) refers to list.o(.text) for vListInitialise
    queue.o(.text) refers to heap_2.o(.text) for pvPortMalloc
    queue.o(.text) refers to rt_memcpy_v6.o(.text) for __aeabi_memcpy
    queue.o(.text) refers to queue.o(.bss) for xQueueRegistry
    tasks.o(.text) refers to list.o(.text) for vListInitialise
[...]
    .data                                    0x20000000   Section       20  system_stm32f4xx.o(.data)
    .data                                    0x20000018   Section      116  main.o(.data)
    .data                                    0x2000008c   Section       36  discoveryf4utils.o(.data)
    .data                                    0x200000b0   Section       56  tasks.o(.data)
    pxDelayedTaskList                        0x200000b4   Data           4  tasks.o(.data)
    pxOverflowDelayedTaskList                0x200000b8   Data           4  tasks.o(.data)
    uxTasksDeleted                           0x200000bc   Data           4  tasks.o(.data)
    uxCurrentNumberOfTasks                   0x200000c0   Data           4  tasks.o(.data)
    xTickCount                               0x200000c4   Data           4  tasks.o(.data)
    uxTopReadyPriority                       0x200000c8   Data           4  tasks.o(.data)
    xSchedulerRunning                        0x200000cc   Data           4  tasks.o(.data)
    uxPendedTicks                            0x200000d0   Data           4  tasks.o(.data)
    xYieldPending                            0x200000d4   Data           4  tasks.o(.data)
    xNumOfOverflows                          0x200000d8   Data           4  tasks.o(.data)
    uxTaskNumber                             0x200000dc   Data           4  tasks.o(.data)
    xNextTaskUnblockTime                     0x200000e0   Data           4  tasks.o(.data)
    uxSchedulerSuspended                     0x200000e4   Data           4  tasks.o(.data)
    .data                                    0x200000e8   Section       16  timers.o(.data)
    pxCurrentTimerList                       0x200000e8   Data           4  timers.o(.data)
    pxOverflowTimerList                      0x200000ec   Data           4  timers.o(.data)
    xTimerQueue                              0x200000f0   Data           4  timers.o(.data)
    xLastTime                                0x200000f4   Data           4  timers.o(.data)
    .data                                    0x200000f8   Section       12  port.o(.data)
    uxCriticalNesting                        0x200000f8   Data           4  port.o(.data)
    ucMaxSysCallPriority                     0x200000fc   Data           1  port.o(.data)
    ulMaxPRIGROUPValue                       0x20000100   Data           4  port.o(.data)
    .data                                    0x20000104   Section       24  heap_2.o(.data)
    xStart                                   0x20000104   Data           8  heap_2.o(.data)
    xEnd                                     0x2000010c   Data           8  heap_2.o(.data)
    xFreeBytesRemaining                      0x20000114   Data           4  heap_2.o(.data)
    xHeapHasBeenInitialised                  0x20000118   Data           4  heap_2.o(.data)
    .data                                    0x2000011c   Section       16  stm32f4xx_rcc.o(.data)
    APBAHBPrescTable                         0x2000011c   Data          16  stm32f4xx_rcc.o(.data)
    .bss                                     0x2000012c   Section       80  main.o(.bss)
    .bss                                     0x2000017c   Section       32  codec.o(.bss)
    .bss                                     0x2000019c   Section       64  queue.o(.bss)
    .bss                                     0x200001dc   Section      200  tasks.o(.bss)
    pxReadyTasksLists                        0x200001dc   Data         100  tasks.o(.bss)
    xDelayedTaskList1                        0x20000240   Data          20  tasks.o(.bss)
    xDelayedTaskList2                        0x20000254   Data          20  tasks.o(.bss)
    xPendingReadyList                        0x20000268   Data          20  tasks.o(.bss)
    xTasksWaitingTermination                 0x2000027c   Data          20  tasks.o(.bss)
    xSuspendedTaskList                       0x20000290   Data          20  tasks.o(.bss)
    .bss                                     0x200002a4   Section       40  timers.o(.bss)
    xActiveTimerList1                        0x200002a4   Data          20  timers.o(.bss)
    xActiveTimerList2                        0x200002b8   Data          20  timers.o(.bss)
    .bss                                     0x200002cc   Section    76800  heap_2.o(.bss)
    ucHeap                                   0x200002cc   Data       76800  heap_2.o(.bss)
    .bss                                     0x20012ecc   Section       96  libspace.o(.bss)
    HEAP                                     0x20012f30   Section      512  startup_stm32f4xx.o(HEAP)
    Heap_Mem                                 0x20012f30   Data         512  startup_stm32f4xx.o(HEAP)
    STACK                                    0x20013130   Section     1024  startup_stm32f4xx.o(STACK)
    Stack_Mem                                0x20013130   Data        1024  startup_stm32f4xx.o(STACK)
    __initial_sp                             0x20013530   Data           0  startup_stm32f4xx.o(STACK)

    Global Symbols

    Symbol Name                              Value     Ov Type        Size  Object(Section)

    BuildAttributes$$THM_ISAv4$E$P$D$K$B$S$7EM$VFPi3$EXTD16$VFPS$VFMA$PE$A:L22UL41UL21$X:L11$S22US41US21$IEEE1$IW$USESV6$~STKCKD$USESV7$~SHL$OSPACE$ROPI$EBA8$UX$STANDARDLIB$REQ8$PRES8$EABIv2 0x00000000   Number         0  anon$$obj.o ABSOLUTE
    __ARM_use_no_argv                        0x00000000   Number         0  main.o ABSOLUTE
    __ARM_exceptions_init                     - Undefined Weak Reference
    __alloca_initialize                       - Undefined Weak Reference
    __arm_preinit_                            - Undefined Weak Reference
    __cpp_initialize__aeabi_                  - Undefined Weak Reference
    __cxa_finalize                            - Undefined Weak Reference
    __rt_locale                               - Undefined Weak Reference
    __sigvec_lookup                           - Undefined Weak Reference
    _atexit_init                              - Undefined Weak Reference
    _call_atexit_fns                          - Undefined Weak Reference
    _clock_init                               - Undefined Weak Reference
    _fp_trap_init                             - Undefined Weak Reference
    _fp_trap_shutdown                         - Undefined Weak Reference
    _get_lc_collate                           - Undefined Weak Reference
    _get_lc_ctype                             - Undefined Weak Reference
    _get_lc_monetary                          - Undefined Weak Reference
    _get_lc_numeric                           - Undefined Weak Reference
    _get_lc_time                              - Undefined Weak Reference
    _getenv_init                              - Undefined Weak Reference
    _handle_redirection                       - Undefined Weak Reference
    _init_alloc                               - Undefined Weak Reference
    _init_user_alloc                          - Undefined Weak Reference
    _initio                                   - Undefined Weak Reference
    _rand_init                                - Undefined Weak Reference
    _signal_finish                            - Undefined Weak Reference
    _signal_init                              - Undefined Weak Reference
    _terminate_alloc                          - Undefined Weak Reference
    _terminate_user_alloc                     - Undefined Weak Reference
    _terminateio                              - Undefined Weak Reference
    __Vectors_Size                           0x00000188   Number         0  startup_stm32f4xx.o ABSOLUTE
    __Vectors                                0x08000000   Data           4  startup_stm32f4xx.o(RESET)
    __Vectors_End                            0x08000188   Data           0  startup_stm32f4xx.o(RESET)
    __main                                   0x08000189   Thumb Code     8  __main.o(!!!main)
    __scatterload                            0x08000191   Thumb Code     0  __scatter.o(!!!scatter)
    __scatterload_rt2                        0x08000191   Thumb Code    44  __scatter.o(!!!scatter)
    __scatterload_rt2_thumb_only             0x08000191   Thumb Code     0  __scatter.o(!!!scatter)
    __scatterload_null                       0x0800019f   Thumb Code     0  __scatter.o(!!!scatter)
    __decompress                             0x080001c5   Thumb Code    90  __dczerorl2.o(!!dczerorl2)
    __decompress1                            0x080001c5   Thumb Code     0  __dczerorl2.o(!!dczerorl2)
    __scatterload_zeroinit                   0x08000221   Thumb Code    28  __scatter_zi.o(!!handler_zi)
    __rt_lib_init                            0x0800023d   Thumb Code     0  libinit.o(.ARM.Collect$$libinit$$00000000)
    __rt_lib_init_fp_1                       0x0800023f   Thumb Code     0  libinit2.o(.ARM.Collect$$libinit$$00000001)
    __rt_lib_init_alloca_1                   0x08000243   Thumb Code     0  libinit2.o(.ARM.Collect$$libinit$$0000002E)
    __rt_lib_init_argv_1                     0x08000243   Thumb Code     0  libinit2.o(.ARM.Collect$$libinit$$0000002C)
    __rt_lib_init_atexit_1                   0x08000243   Thumb Code     0  libinit2.o(.ARM.Collect$$libinit$$0000001B)
    __rt_lib_init_clock_1                    0x08000243   Thumb Code     0  libinit2.o(.ARM.Collect$$libinit$$00000021)
    __rt_lib_init_cpp_1                      0x08000243   Thumb Code     0  libinit2.o(.ARM.Collect$$libinit$$00000032)
    __rt_lib_init_exceptions_1               0x08000243   Thumb Code     0  libinit2.o(.ARM.Collect$$libinit$$00000030)
    __rt_lib_init_fp_trap_1                  0x08000243   Thumb Code     0  libinit2.o(.ARM.Collect$$libinit$$0000001F)
    __rt_lib_init_getenv_1                   0x08000243   Thumb Code     0  libinit2.o(.ARM.Collect$$libinit$$00000023)
    __rt_lib_init_heap_1                     0x08000243   Thumb Code     0  libinit2.o(.ARM.Collect$$libinit$$0000000A)
    __rt_lib_init_lc_collate_1               0x08000243   Thumb Code     0  libinit2.o(.ARM.Collect$$libinit$$00000011)
    __rt_lib_init_lc_ctype_1                 0x08000243   Thumb Code     0  libinit2.o(.ARM.Collect$$libinit$$00000013)
    __rt_lib_init_lc_monetary_1              0x08000243   Thumb Code     0  libinit2.o(.ARM.Collect$$libinit$$00000015)
    __rt_lib_init_lc_numeric_1               0x08000243   Thumb Code     0  libinit2.o(.ARM.Collect$$libinit$$00000017)
    __rt_lib_init_lc_time_1                  0x08000243   Thumb Code     0  libinit2.o(.ARM.Collect$$libinit$$00000019)
    __rt_lib_init_preinit_1                  0x08000243   Thumb Code     0  libinit2.o(.ARM.Collect$$libinit$$00000004)
    __rt_lib_init_rand_1                     0x08000243   Thumb Code     0  libinit2.o(.ARM.Collect$$libinit$$0000000E)
    __rt_lib_init_return                     0x08000243   Thumb Code     0  libinit2.o(.ARM.Collect$$libinit$$00000033)
    __rt_lib_init_signal_1                   0x08000243   Thumb Code     0  libinit2.o(.ARM.Collect$$libinit$$0000001D)
    __rt_lib_init_stdio_1                    0x08000243   Thumb Code     0  libinit2.o(.ARM.Collect$$libinit$$00000025)
    __rt_lib_init_user_alloc_1               0x08000243   Thumb Code     0  libinit2.o(.ARM.Collect$$libinit$$0000000C)
    __rt_lib_shutdown                        0x08000245   Thumb Code     0  libshutdown.o(.ARM.Collect$$libshutdown$$00000000)
    __rt_lib_shutdown_cpp_1                  0x08000247   Thumb Code     0  libshutdown2.o(.ARM.Collect$$libshutdown$$00000002)
    __rt_lib_shutdown_fp_trap_1              0x08000247   Thumb Code     0  libshutdown2.o(.ARM.Collect$$libshutdown$$00000007)
    __rt_lib_shutdown_heap_1                 0x08000247   Thumb Code     0  libshutdown2.o(.ARM.Collect$$libshutdown$$0000000F)
    __rt_lib_shutdown_return                 0x08000247   Thumb Code     0  libshutdown2.o(.ARM.Collect$$libshutdown$$00000010)
    __rt_lib_shutdown_signal_1               0x08000247   Thumb Code     0  libshutdown2.o(.ARM.Collect$$libshutdown$$0000000A)
    __rt_lib_shutdown_stdio_1                0x08000247   Thumb Code     0  libshutdown2.o(.ARM.Collect$$libshutdown$$00000004)
    __rt_lib_shutdown_user_alloc_1           0x08000247   Thumb Code     0  libshutdown2.o(.ARM.Collect$$libshutdown$$0000000C)
    __rt_entry                               0x08000249   Thumb Code     0  __rtentry.o(.ARM.Collect$$rtentry$$00000000)
    __rt_entry_presh_1                       0x08000249   Thumb Code     0  __rtentry2.o(.ARM.Collect$$rtentry$$00000002)
    __rt_entry_sh                            0x08000249   Thumb Code     0  __rtentry4.o(.ARM.Collect$$rtentry$$00000004)
    __rt_entry_li                            0x0800024f   Thumb Code     0  __rtentry2.o(.ARM.Collect$$rtentry$$0000000A)
    __rt_entry_postsh_1                      0x0800024f   Thumb Code     0  __rtentry2.o(.ARM.Collect$$rtentry$$00000009)
    __rt_entry_main                          0x08000253   Thumb Code     0  __rtentry2.o(.ARM.Collect$$rtentry$$0000000D)
    __rt_entry_postli_1                      0x08000253   Thumb Code     0  __rtentry2.o(.ARM.Collect$$rtentry$$0000000C)
    __rt_exit                                0x0800025b   Thumb Code     0  rtexit.o(.ARM.Collect$$rtexit$$00000000)
    __rt_exit_ls                             0x0800025d   Thumb Code     0  rtexit2.o(.ARM.Collect$$rtexit$$00000003)
    __rt_exit_prels_1                        0x0800025d   Thumb Code     0  rtexit2.o(.ARM.Collect$$rtexit$$00000002)
    __rt_exit_exit                           0x08000261   Thumb Code     0  rtexit2.o(.ARM.Collect$$rtexit$$00000004)
    SVC_Handler                              0x08000269   Thumb Code    28  port.o(.emb_text)
    __asm___6_port_c_39a90d8d__prvStartFirstTask 0x08000289   Thumb Code    28  port.o(.emb_text)
    __asm___6_port_c_39a90d8d__prvEnableVFP  0x080002a9   Thumb Code    16  port.o(.emb_text)
    PendSV_Handler                           0x080002bd   Thumb Code    84  port.o(.emb_text)
    ulPortSetInterruptMask                   0x08000315   Thumb Code    14  port.o(.emb_text)
    vPortClearInterruptMask                  0x08000323   Thumb Code     6  port.o(.emb_text)
    vPortGetIPSR                             0x08000329   Thumb Code     6  port.o(.emb_text)
    Reset_Handler                            0x08000331   Thumb Code     8  startup_stm32f4xx.o(.text)
    ADC_IRQHandler                           0x0800034b   Thumb Code     0  startup_stm32f4xx.o(.text)
    CAN1_RX0_IRQHandler                      0x0800034b   Thumb Code     0  startup_stm32f4xx.o(.text)
    CAN1_RX1_IRQHandler                      0x0800034b   Thumb Code     0  startup_stm32f4xx.o(.text)
    CAN1_SCE_IRQHandler                      0x0800034b   Thumb Code     0  startup_stm32f4xx.o(.text)
    CAN1_TX_IRQHandler                       0x0800034b   Thumb Code     0  startup_stm32f4xx.o(.text)
    CAN2_RX0_IRQHandler                      0x0800034b   Thumb Code     0  startup_stm32f4xx.o(.text)
    CAN2_RX1_IRQHandler                      0x0800034b   Thumb Code     0  startup_stm32f4xx.o(.text)
    CAN2_SCE_IRQHandler                      0x0800034b   Thumb Code     0  startup_stm32f4xx.o(.text)
    CAN2_TX_IRQHandler                       0x0800034b   Thumb Code     0  startup_stm32f4xx.o(.text)
    CRYP_IRQHandler                          0x0800034b   Thumb Code     0  startup_stm32f4xx.o(.text)
    DCMI_IRQHandler                          0x0800034b   Thumb Code     0  startup_stm32f4xx.o(.text)
    DMA1_Stream0_IRQHandler                  0x0800034b   Thumb Code     0  startup_stm32f4xx.o(.text)
    DMA1_Stream1_IRQHandler                  0x0800034b   Thumb Code     0  startup_stm32f4xx.o(.text)
    DMA1_Stream2_IRQHandler                  0x0800034b   Thumb Code     0  startup_stm32f4xx.o(.text)
    DMA1_Stream3_IRQHandler                  0x0800034b   Thumb Code     0  startup_stm32f4xx.o(.text)
    DMA1_Stream4_IRQHandler                  0x0800034b   Thumb Code     0  startup_stm32f4xx.o(.text)
    DMA1_Stream5_IRQHandler                  0x0800034b   Thumb Code     0  startup_stm32f4xx.o(.text)
    DMA1_Stream6_IRQHandler                  0x0800034b   Thumb Code     0  startup_stm32f4xx.o(.text)
    DMA1_Stream7_IRQHandler                  0x0800034b   Thumb Code     0  startup_stm32f4xx.o(.text)
    DMA2_Stream0_IRQHandler                  0x0800034b   Thumb Code     0  startup_stm32f4xx.o(.text)
    DMA2_Stream1_IRQHandler                  0x0800034b   Thumb Code     0  startup_stm32f4xx.o(.text)
    DMA2_Stream2_IRQHandler                  0x0800034b   Thumb Code     0  startup_stm32f4xx.o(.text)
    DMA2_Stream3_IRQHandler                  0x0800034b   Thumb Code     0  startup_stm32f4xx.o(.text)
    DMA2_Stream4_IRQHandler                  0x0800034b   Thumb Code     0  startup_stm32f4xx.o(.text)
    DMA2_Stream5_IRQHandler                  0x0800034b   Thumb Code     0  startup_stm32f4xx.o(.text)
    DMA2_Stream6_IRQHandler                  0x0800034b   Thumb Code     0  startup_stm32f4xx.o(.text)
    DMA2_Stream7_IRQHandler                  0x0800034b   Thumb Code     0  startup_stm32f4xx.o(.text)
    ETH_IRQHandler                           0x0800034b   Thumb Code     0  startup_stm32f4xx.o(.text)
    ETH_WKUP_IRQHandler                      0x0800034b   Thumb Code     0  startup_stm32f4xx.o(.text)
    EXTI0_IRQHandler                         0x0800034b   Thumb Code     0  startup_stm32f4xx.o(.text)
    EXTI15_10_IRQHandler                     0x0800034b   Thumb Code     0  startup_stm32f4xx.o(.text)
    EXTI1_IRQHandler                         0x0800034b   Thumb Code     0  startup_stm32f4xx.o(.text)
    EXTI2_IRQHandler                         0x0800034b   Thumb Code     0  startup_stm32f4xx.o(.text)
    EXTI3_IRQHandler                         0x0800034b   Thumb Code     0  startup_stm32f4xx.o(.text)
    EXTI4_IRQHandler                         0x0800034b   Thumb Code     0  startup_stm32f4xx.o(.text)
    EXTI9_5_IRQHandler                       0x0800034b   Thumb Code     0  startup_stm32f4xx.o(.text)
    FLASH_IRQHandler                         0x0800034b   Thumb Code     0  startup_stm32f4xx.o(.text)
    FPU_IRQHandler                           0x0800034b   Thumb Code     0  startup_stm32f4xx.o(.text)
    FSMC_IRQHandler                          0x0800034b   Thumb Code     0  startup_stm32f4xx.o(.text)
    HASH_RNG_IRQHandler                      0x0800034b   Thumb Code     0  startup_stm32f4xx.o(.text)
    I2C1_ER_IRQHandler                       0x0800034b   Thumb Code     0  startup_stm32f4xx.o(.text)
    I2C1_EV_IRQHandler                       0x0800034b   Thumb Code     0  startup_stm32f4xx.o(.text)
    I2C2_ER_IRQHandler                       0x0800034b   Thumb Code     0  startup_stm32f4xx.o(.text)
    I2C2_EV_IRQHandler                       0x0800034b   Thumb Code     0  startup_stm32f4xx.o(.text)
    I2C3_ER_IRQHandler                       0x0800034b   Thumb Code     0  startup_stm32f4xx.o(.text)
    I2C3_EV_IRQHandler                       0x0800034b   Thumb Code     0  startup_stm32f4xx.o(.text)
    OTG_FS_IRQHandler                        0x0800034b   Thumb Code     0  startup_stm32f4xx.o(.text)
    OTG_FS_WKUP_IRQHandler                   0x0800034b   Thumb Code     0  startup_stm32f4xx.o(.text)
    OTG_HS_EP1_IN_IRQHandler                 0x0800034b   Thumb Code     0  startup_stm32f4xx.o(.text)
    OTG_HS_EP1_OUT_IRQHandler                0x0800034b   Thumb Code     0  startup_stm32f4xx.o(.text)
    OTG_HS_IRQHandler                        0x0800034b   Thumb Code     0  startup_stm32f4xx.o(.text)
    OTG_HS_WKUP_IRQHandler                   0x0800034b   Thumb Code     0  startup_stm32f4xx.o(.text)
    PVD_IRQHandler                           0x0800034b   Thumb Code     0  startup_stm32f4xx.o(.text)
    RCC_IRQHandler                           0x0800034b   Thumb Code     0  startup_stm32f4xx.o(.text)
    RTC_Alarm_IRQHandler                     0x0800034b   Thumb Code     0  startup_stm32f4xx.o(.text)
    RTC_WKUP_IRQHandler                      0x0800034b   Thumb Code     0  startup_stm32f4xx.o(.text)
    SDIO_IRQHandler                          0x0800034b   Thumb Code     0  startup_stm32f4xx.o(.text)
    SPI1_IRQHandler                          0x0800034b   Thumb Code     0  startup_stm32f4xx.o(.text)
    SPI2_IRQHandler                          0x0800034b   Thumb Code     0  startup_stm32f4xx.o(.text)
    SPI3_IRQHandler                          0x0800034b   Thumb Code     0  startup_stm32f4xx.o(.text)
    TAMP_STAMP_IRQHandler                    0x0800034b   Thumb Code     0  startup_stm32f4xx.o(.text)
    TIM1_BRK_TIM9_IRQHandler                 0x0800034b   Thumb Code     0  startup_stm32f4xx.o(.text)
    TIM1_CC_IRQHandler                       0x0800034b   Thumb Code     0  startup_stm32f4xx.o(.text)
    TIM1_TRG_COM_TIM11_IRQHandler            0x0800034b   Thumb Code     0  startup_stm32f4xx.o(.text)
    TIM1_UP_TIM10_IRQHandler                 0x0800034b   Thumb Code     0  startup_stm32f4xx.o(.text)
    TIM4_IRQHandler                          0x0800034b   Thumb Code     0  startup_stm32f4xx.o(.text)
    TIM5_IRQHandler                          0x0800034b   Thumb Code     0  startup_stm32f4xx.o(.text)
    TIM6_DAC_IRQHandler                      0x0800034b   Thumb Code     0  startup_stm32f4xx.o(.text)
    TIM7_IRQHandler                          0x0800034b   Thumb Code     0  startup_stm32f4xx.o(.text)
    TIM8_BRK_TIM12_IRQHandler                0x0800034b   Thumb Code     0  startup_stm32f4xx.o(.text)
    TIM8_CC_IRQHandler                       0x0800034b   Thumb Code     0  startup_stm32f4xx.o(.text)
    TIM8_TRG_COM_TIM14_IRQHandler            0x0800034b   Thumb Code     0  startup_stm32f4xx.o(.text)
    TIM8_UP_TIM13_IRQHandler                 0x0800034b   Thumb Code     0  startup_stm32f4xx.o(.text)
    UART4_IRQHandler                         0x0800034b   Thumb Code     0  startup_stm32f4xx.o(.text)
    UART5_IRQHandler                         0x0800034b   Thumb Code     0  startup_stm32f4xx.o(.text)
    USART1_IRQHandler                        0x0800034b   Thumb Code     0  startup_stm32f4xx.o(.text)
    USART2_IRQHandler                        0x0800034b   Thumb Code     0  startup_stm32f4xx.o(.text)
    USART3_IRQHandler                        0x0800034b   Thumb Code     0  startup_stm32f4xx.o(.text)
    USART6_IRQHandler                        0x0800034b   Thumb Code     0  startup_stm32f4xx.o(.text)
    WWDG_IRQHandler                          0x0800034b   Thumb Code     0  startup_stm32f4xx.o(.text)
    __user_initial_stackheap                 0x0800034d   Thumb Code     0  startup_stm32f4xx.o(.text)
    SystemInit                               0x0800044d   Thumb Code    88  system_stm32f4xx.o(.text)
    SystemCoreClockUpdate                    0x080004a5   Thumb Code   174  system_stm32f4xx.o(.text)
    InitLEDs                                 0x08000581   Thumb Code    40  main.o(.text)
    InitButton                               0x080005a9   Thumb Code    38  main.o(.text)
    InitTimer_2                              0x080005cf   Thumb Code    60  main.o(.text)
    InitTimer_3                              0x0800060b   Thumb Code    60  main.o(.text)
    EnableTimer2Interrupt                    0x08000647   Thumb Code    32  main.o(.text)
    EnableTimer3Interrupt                    0x08000667   Thumb Code    32  main.o(.text)
    initFilter                               0x08000687   Thumb Code    96  main.o(.text)
    InitSound                                0x080006e7   Thumb Code    72  main.o(.text)
    LEDOn                                    0x0800072f   Thumb Code    14  main.o(.text)
    LEDOff                                   0x0800073d   Thumb Code    14  main.o(.text)
    TIM2_IRQHandler                          0x0800074b   Thumb Code   156  main.o(.text)
    TIM3_IRQHandler                          0x080007e7   Thumb Code    56  main.o(.text)
    CanUpdateClickState                      0x0800081f   Thumb Code    44  main.o(.text)
    UpdateIngredientTiming                   0x0800084b   Thumb Code    52  main.o(.text)
    UpdateTimingStatus                       0x0800087f   Thumb Code   134  main.o(.text)
    DisplayCountdown                         0x08000905   Thumb Code   224  main.o(.text)
    UpdateProgrammingStatus                  0x080009e5   Thumb Code   154  main.o(.text)
    vDispenseLatte                           0x08000a7f   Thumb Code   212  main.o(.text)
    vDispenseEspresso                        0x08000b53   Thumb Code   122  main.o(.text)
    vDispenseMocha                           0x08000bcd   Thumb Code   212  main.o(.text)
    UpdateBrewingStatus                      0x08000ca1   Thumb Code   392  main.o(.text)
    UpdateNeutralStatus                      0x08000e29   Thumb Code    52  main.o(.text)
    UpdateMakingStatus                       0x08000e5d   Thumb Code    48  main.o(.text)
    UpdateMachineStatus                      0x08000e8d   Thumb Code    54  main.o(.text)
    ShowUpdateTimingLED                      0x08000ec3   Thumb Code    82  main.o(.text)
    ShowProgrammingLED                       0x08000f15   Thumb Code   106  main.o(.text)
    ShowSelectingLED                         0x08000f7f   Thumb Code   106  main.o(.text)
    ShowNeutralLED                           0x08000fe9   Thumb Code    36  main.o(.text)
    showMakingLED                            0x0800100d   Thumb Code     2  main.o(.text)
    ShowLED                                  0x0800100f   Thumb Code    54  main.o(.text)
    vMainTask                                0x08001045   Thumb Code    12  main.o(.text)
    vServoTask                               0x08001051   Thumb Code    32  main.o(.text)
    initSound                                0x08001071   Thumb Code    72  main.o(.text)
    updateFilter                             0x080010b9   Thumb Code    88  main.o(.text)
    vSoundTask                               0x08001111   Thumb Code   368  main.o(.text)
    vButtonTask                              0x08001281   Thumb Code   200  main.o(.text)
    SetupPWM                                 0x08001349   Thumb Code    68  main.o(.text)
    InitPWMTimer4                            0x0800138d   Thumb Code    54  main.o(.text)
    initServo                                0x080013c3   Thumb Code    68  main.o(.text)
    main                                     0x08001407   Thumb Code   210  main.o(.text)
    STM_EVAL_LEDInit                         0x08001545   Thumb Code    62  discoveryf4utils.o(.text)
    STM_EVAL_LEDOn                           0x08001583   Thumb Code    16  discoveryf4utils.o(.text)
    STM_EVAL_LEDOff                          0x08001593   Thumb Code    16  discoveryf4utils.o(.text)
    STM_EVAL_LEDToggle                       0x080015a3   Thumb Code    26  discoveryf4utils.o(.text)
    STM_EVAL_PBInit                          0x080015bd   Thumb Code   140  discoveryf4utils.o(.text)
    STM_EVAL_PBGetState                      0x08001649   Thumb Code    22  discoveryf4utils.o(.text)
    STM_EVAL_COMInit                         0x0800165f   Thumb Code   182  discoveryf4utils.o(.text)
    NMI_Handler                              0x0800176d   Thumb Code     2  stm32f4xx_it.o(.text)
    HardFault_Handler                        0x0800176f   Thumb Code     4  stm32f4xx_it.o(.text)
    MemManage_Handler                        0x08001773   Thumb Code     4  stm32f4xx_it.o(.text)
    BusFault_Handler                         0x08001777   Thumb Code     4  stm32f4xx_it.o(.text)
    UsageFault_Handler                       0x0800177b   Thumb Code     4  stm32f4xx_it.o(.text)
    DebugMon_Handler                         0x0800177f   Thumb Code     2  stm32f4xx_it.o(.text)
    codec_init                               0x08001781   Thumb Code   310  codec.o(.text)
    send_codec_ctrl                          0x080018b7   Thumb Code   130  codec.o(.text)
    read_codec_register                      0x08001939   Thumb Code   206  codec.o(.text)
    codec_ctrl_init                          0x08001a07   Thumb Code   346  codec.o(.text)
    vListInitialise                          0x08001b95   Thumb Code    26  list.o(.text)
    vListInitialiseItem                      0x08001baf   Thumb Code     6  list.o(.text)
    vListInsertEnd                           0x08001bb5   Thumb Code    24  list.o(.text)
    vListInsert                              0x08001bcd   Thumb Code    52  list.o(.text)
    uxListRemove                             0x08001c01   Thumb Code    40  list.o(.text)
    xQueueGenericReset                       0x08001c29   Thumb Code   120  queue.o(.text)
    xQueueGenericCreate                      0x08001ca1   Thumb Code    92  queue.o(.text)
    xQueueGenericSend                        0x08001e19   Thumb Code   322  queue.o(.text)
    xQueueCreateMutex                        0x08001f5b   Thumb Code    86  queue.o(.text)
    xQueueGiveMutexRecursive                 0x08001fb1   Thumb Code    58  queue.o(.text)
    xQueueGenericReceive                     0x0800202f   Thumb Code   346  queue.o(.text)
    xQueueTakeMutexRecursive                 0x08002189   Thumb Code    70  queue.o(.text)
    xQueueCreateCountingSemaphore            0x080021cf   Thumb Code    74  queue.o(.text)
    xQueueGenericSendFromISR                 0x08002219   Thumb Code   180  queue.o(.text)
    xQueueReceiveFromISR                     0x080022cd   Thumb Code   136  queue.o(.text)
    xQueuePeekFromISR                        0x08002355   Thumb Code    90  queue.o(.text)
    uxQueueMessagesWaiting                   0x080023af   Thumb Code    28  queue.o(.text)
    uxQueueSpacesAvailable                   0x080023cb   Thumb Code    34  queue.o(.text)
    uxQueueMessagesWaitingFromISR            0x080023ed   Thumb Code    20  queue.o(.text)
    vQueueUnregisterQueue                    0x08002401   Thumb Code    38  queue.o(.text)
    vQueueDelete                             0x08002427   Thumb Code    40  queue.o(.text)
    uxQueueGetQueueNumber                    0x0800244f   Thumb Code     6  queue.o(.text)
    vQueueSetQueueNumber                     0x08002455   Thumb Code     4  queue.o(.text)
    ucQueueGetQueueType                      0x08002459   Thumb Code     8  queue.o(.text)
    xQueueIsQueueEmptyFromISR                0x08002461   Thumb Code    28  queue.o(.text)
    xQueueIsQueueFullFromISR                 0x0800247d   Thumb Code    32  queue.o(.text)
    vQueueAddToRegistry                      0x0800249d   Thumb Code    38  queue.o(.text)
    vQueueWaitForMessageRestricted           0x080024c3   Thumb Code    58  queue.o(.text)
    xTaskGenericCreate                       0x080025db   Thumb Code   288  tasks.o(.text)
    vTaskDelete                              0x08002725   Thumb Code   160  tasks.o(.text)
    xTaskIncrementTick                       0x080027c5   Thumb Code   272  tasks.o(.text)
    xTaskResumeAll                           0x080028d5   Thumb Code   282  tasks.o(.text)
    vTaskSuspendAll                          0x08002a2d   Thumb Code    12  tasks.o(.text)
    vTaskDelayUntil                          0x08002a39   Thumb Code   176  tasks.o(.text)
    vTaskDelay                               0x08002ae9   Thumb Code    94  tasks.o(.text)
    uxTaskPriorityGet                        0x08002b47   Thumb Code    30  tasks.o(.text)
    vTaskPrioritySet                         0x08002b65   Thumb Code   234  tasks.o(.text)
    vTaskSwitchContext                       0x08002c4f   Thumb Code   106  tasks.o(.text)
    vTaskSuspend                             0x08002cb9   Thumb Code   228  tasks.o(.text)
    vTaskResume                              0x08002de1   Thumb Code   104  tasks.o(.text)
    xTaskResumeFromISR                       0x08002e49   Thumb Code   126  tasks.o(.text)
    vTaskStartScheduler                      0x08002f43   Thumb Code    74  tasks.o(.text)
    vTaskEndScheduler                        0x08002f8d   Thumb Code    18  tasks.o(.text)
    xTaskGetTickCount                        0x08002f9f   Thumb Code    18  tasks.o(.text)
    xTaskGetTickCountFromISR                 0x08002fb1   Thumb Code    26  tasks.o(.text)
    uxTaskGetNumberOfTasks                   0x08002fcb   Thumb Code     6  tasks.o(.text)
    uxTaskGetSystemState                     0x08003097   Thumb Code   132  tasks.o(.text)
    vTaskPlaceOnEventList                    0x0800311b   Thumb Code   162  tasks.o(.text)
    vTaskPlaceOnUnorderedEventList           0x080031bd   Thumb Code   132  tasks.o(.text)
    vTaskPlaceOnEventListRestricted          0x08003241   Thumb Code    76  tasks.o(.text)
    xTaskRemoveFromEventList                 0x0800328d   Thumb Code   114  tasks.o(.text)
    xTaskRemoveFromUnorderedEventList        0x080032ff   Thumb Code   126  tasks.o(.text)
    vTaskSetTimeOutState                     0x0800337d   Thumb Code    28  tasks.o(.text)
    xTaskCheckForTimeOut                     0x08003399   Thumb Code   108  tasks.o(.text)
    vTaskMissedYield                         0x08003405   Thumb Code     8  tasks.o(.text)
    uxTaskGetTaskNumber                      0x0800340d   Thumb Code    14  tasks.o(.text)
    vTaskSetTaskNumber                       0x0800341b   Thumb Code     8  tasks.o(.text)
    xTaskGetCurrentTaskHandle                0x08003423   Thumb Code     6  tasks.o(.text)
    xTaskGetSchedulerState                   0x08003429   Thumb Code    24  tasks.o(.text)
    vTaskPriorityInherit                     0x08003441   Thumb Code   164  tasks.o(.text)
    xTaskPriorityDisinherit                  0x080034e5   Thumb Code   136  tasks.o(.text)
    uxTaskResetEventItemValue                0x0800356d   Thumb Code    24  tasks.o(.text)
    pvTaskIncrementMutexHeldCount            0x08003585   Thumb Code    68  tasks.o(.text)
    xTimerGenericCommand                     0x08003619   Thumb Code   102  timers.o(.text)
    xTimerCreateTimerTask                    0x08003933   Thumb Code    58  timers.o(.text)
    xTimerCreate                             0x0800396d   Thumb Code    80  timers.o(.text)
    pcTimerGetTimerName                      0x080039bd   Thumb Code     8  timers.o(.text)
    xTimerIsTimerActive                      0x080039c5   Thumb Code    78  timers.o(.text)
    pvTimerGetTimerID                        0x08003a13   Thumb Code     8  timers.o(.text)
    pxPortInitialiseStack                    0x08003a3d   Thumb Code    34  port.o(.text)
    vPortSetupTimerInterrupt                 0x08003a5f   Thumb Code    26  port.o(.text)
    xPortStartScheduler                      0x08003a79   Thumb Code   156  port.o(.text)
    vPortEndScheduler                        0x08003b15   Thumb Code    30  port.o(.text)
    vPortYield                               0x08003b33   Thumb Code    20  port.o(.text)
    vPortEnterCritical                       0x08003b47   Thumb Code    62  port.o(.text)
    vPortExitCritical                        0x08003b85   Thumb Code    40  port.o(.text)
    SysTick_Handler                          0x08003bad   Thumb Code    30  port.o(.text)
    vPortValidateInterruptPriority           0x08003bcb   Thumb Code    80  port.o(.text)
    pvPortMalloc                             0x08003c63   Thumb Code   164  heap_2.o(.text)
    vPortFree                                0x08003d07   Thumb Code    56  heap_2.o(.text)
    xPortGetFreeHeapSize                     0x08003d3f   Thumb Code     6  heap_2.o(.text)
    vPortInitialiseBlocks                    0x08003d45   Thumb Code     2  heap_2.o(.text)
    NVIC_PriorityGroupConfig                 0x08003d61   Thumb Code    10  misc.o(.text)
    NVIC_Init                                0x08003d6b   Thumb Code   106  misc.o(.text)
    NVIC_SetVectorTable                      0x08003dd5   Thumb Code    14  misc.o(.text)
    NVIC_SystemLPConfig                      0x08003de3   Thumb Code    34  misc.o(.text)
    SysTick_CLKSourceConfig                  0x08003e05   Thumb Code    40  misc.o(.text)
    EXTI_DeInit                              0x08003e41   Thumb Code    28  stm32f4xx_exti.o(.text)
    EXTI_Init                                0x08003e5d   Thumb Code   142  stm32f4xx_exti.o(.text)
    EXTI_StructInit                          0x08003eeb   Thumb Code    16  stm32f4xx_exti.o(.text)
    EXTI_GenerateSWInterrupt                 0x08003efb   Thumb Code    16  stm32f4xx_exti.o(.text)
    EXTI_GetFlagStatus                       0x08003f0b   Thumb Code    22  stm32f4xx_exti.o(.text)
    EXTI_ClearFlag                           0x08003f21   Thumb Code     8  stm32f4xx_exti.o(.text)
    EXTI_GetITStatus                         0x08003f29   Thumb Code    22  stm32f4xx_exti.o(.text)
    EXTI_ClearITPendingBit                   0x08003f3f   Thumb Code     8  stm32f4xx_exti.o(.text)
    GPIO_DeInit                              0x08003f51   Thumb Code   268  stm32f4xx_gpio.o(.text)
    GPIO_Init                                0x0800405d   Thumb Code   144  stm32f4xx_gpio.o(.text)
    GPIO_StructInit                          0x080040ed   Thumb Code    18  stm32f4xx_gpio.o(.text)
    GPIO_PinLockConfig                       0x080040ff   Thumb Code    34  stm32f4xx_gpio.o(.text)
    GPIO_ReadInputDataBit                    0x08004121   Thumb Code    18  stm32f4xx_gpio.o(.text)
    GPIO_ReadInputData                       0x08004133   Thumb Code     8  stm32f4xx_gpio.o(.text)
    GPIO_ReadOutputDataBit                   0x0800413b   Thumb Code    18  stm32f4xx_gpio.o(.text)
    GPIO_ReadOutputData                      0x0800414d   Thumb Code     8  stm32f4xx_gpio.o(.text)
    GPIO_SetBits                             0x08004155   Thumb Code     4  stm32f4xx_gpio.o(.text)
    GPIO_ResetBits                           0x08004159   Thumb Code     4  stm32f4xx_gpio.o(.text)
    GPIO_WriteBit                            0x0800415d   Thumb Code    10  stm32f4xx_gpio.o(.text)
    GPIO_Write                               0x08004167   Thumb Code     4  stm32f4xx_gpio.o(.text)
    GPIO_ToggleBits                          0x0800416b   Thumb Code     8  stm32f4xx_gpio.o(.text)
    GPIO_PinAFConfig                         0x08004173   Thumb Code    70  stm32f4xx_gpio.o(.text)
    I2C_DeInit                               0x080041e5   Thumb Code    82  stm32f4xx_i2c.o(.text)
    I2C_Init                                 0x08004237   Thumb Code   218  stm32f4xx_i2c.o(.text)
    I2C_StructInit                           0x08004311   Thumb Code    30  stm32f4xx_i2c.o(.text)
    I2C_Cmd                                  0x0800432f   Thumb Code    24  stm32f4xx_i2c.o(.text)
    I2C_AnalogFilterCmd                      0x08004347   Thumb Code    24  stm32f4xx_i2c.o(.text)
    I2C_DigitalFilterConfig                  0x0800435f   Thumb Code    22  stm32f4xx_i2c.o(.text)
    I2C_GenerateSTART                        0x08004375   Thumb Code    24  stm32f4xx_i2c.o(.text)
    I2C_GenerateSTOP                         0x0800438d   Thumb Code    24  stm32f4xx_i2c.o(.text)
    I2C_Send7bitAddress                      0x080043a5   Thumb Code    16  stm32f4xx_i2c.o(.text)
    I2C_AcknowledgeConfig                    0x080043b5   Thumb Code    24  stm32f4xx_i2c.o(.text)
    I2C_OwnAddress2Config                    0x080043cd   Thumb Code    22  stm32f4xx_i2c.o(.text)
    I2C_DualAddressCmd                       0x080043e3   Thumb Code    24  stm32f4xx_i2c.o(.text)
    I2C_GeneralCallCmd                       0x080043fb   Thumb Code    24  stm32f4xx_i2c.o(.text)
    I2C_SoftwareResetCmd                     0x08004413   Thumb Code    22  stm32f4xx_i2c.o(.text)
    I2C_StretchClockCmd                      0x08004429   Thumb Code    24  stm32f4xx_i2c.o(.text)
    I2C_FastModeDutyCycleConfig              0x08004441   Thumb Code    28  stm32f4xx_i2c.o(.text)
    I2C_NACKPositionConfig                   0x0800445d   Thumb Code    28  stm32f4xx_i2c.o(.text)
    I2C_SMBusAlertConfig                     0x08004479   Thumb Code    28  stm32f4xx_i2c.o(.text)
    I2C_ARPCmd                               0x08004495   Thumb Code    24  stm32f4xx_i2c.o(.text)
    I2C_SendData                             0x080044ad   Thumb Code     4  stm32f4xx_i2c.o(.text)
    I2C_ReceiveData                          0x080044b1   Thumb Code     8  stm32f4xx_i2c.o(.text)
    I2C_TransmitPEC                          0x080044b9   Thumb Code    24  stm32f4xx_i2c.o(.text)
    I2C_PECPositionConfig                    0x080044d1   Thumb Code    28  stm32f4xx_i2c.o(.text)
    I2C_CalculatePEC                         0x080044ed   Thumb Code    24  stm32f4xx_i2c.o(.text)
    I2C_GetPEC                               0x08004505   Thumb Code     8  stm32f4xx_i2c.o(.text)
    I2C_DMACmd                               0x0800450d   Thumb Code    24  stm32f4xx_i2c.o(.text)
    I2C_DMALastTransferCmd                   0x08004525   Thumb Code    24  stm32f4xx_i2c.o(.text)
    I2C_ReadRegister                         0x0800453d   Thumb Code    22  stm32f4xx_i2c.o(.text)
    I2C_ITConfig                             0x08004553   Thumb Code    18  stm32f4xx_i2c.o(.text)
    I2C_CheckEvent                           0x08004565   Thumb Code    42  stm32f4xx_i2c.o(.text)
    I2C_GetLastEvent                         0x0800458f   Thumb Code    26  stm32f4xx_i2c.o(.text)
    I2C_GetFlagStatus                        0x080045a9   Thumb Code    84  stm32f4xx_i2c.o(.text)
    I2C_ClearFlag                            0x080045fd   Thumb Code    12  stm32f4xx_i2c.o(.text)
    I2C_GetITStatus                          0x08004609   Thumb Code    38  stm32f4xx_i2c.o(.text)
    I2C_ClearITPendingBit                    0x0800462f   Thumb Code    12  stm32f4xx_i2c.o(.text)
    RCC_DeInit                               0x0800463d   Thumb Code    82  stm32f4xx_rcc.o(.text)
    RCC_HSEConfig                            0x0800468f   Thumb Code    14  stm32f4xx_rcc.o(.text)
    RCC_GetFlagStatus                        0x0800469d   Thumb Code    60  stm32f4xx_rcc.o(.text)
    RCC_WaitForHSEStartUp                    0x080046d9   Thumb Code    56  stm32f4xx_rcc.o(.text)
    RCC_AdjustHSICalibrationValue            0x08004711   Thumb Code    20  stm32f4xx_rcc.o(.text)
    RCC_HSICmd                               0x08004725   Thumb Code     6  stm32f4xx_rcc.o(.text)
    RCC_LSEConfig                            0x0800472b   Thumb Code    46  stm32f4xx_rcc.o(.text)
    RCC_LSICmd                               0x08004759   Thumb Code     6  stm32f4xx_rcc.o(.text)
    RCC_PLLConfig                            0x0800475f   Thumb Code    32  stm32f4xx_rcc.o(.text)
    RCC_PLLCmd                               0x0800477f   Thumb Code     6  stm32f4xx_rcc.o(.text)
    RCC_PLLI2SConfig                         0x08004785   Thumb Code    14  stm32f4xx_rcc.o(.text)
    RCC_PLLI2SCmd                            0x08004793   Thumb Code     6  stm32f4xx_rcc.o(.text)
    RCC_PLLSAIConfig                         0x08004799   Thumb Code    20  stm32f4xx_rcc.o(.text)
    RCC_PLLSAICmd                            0x080047ad   Thumb Code     6  stm32f4xx_rcc.o(.text)
    RCC_ClockSecuritySystemCmd               0x080047b3   Thumb Code     6  stm32f4xx_rcc.o(.text)
    RCC_MCO1Config                           0x080047b9   Thumb Code    28  stm32f4xx_rcc.o(.text)
    RCC_MCO2Config                           0x080047d5   Thumb Code    28  stm32f4xx_rcc.o(.text)
    RCC_SYSCLKConfig                         0x080047f1   Thumb Code    20  stm32f4xx_rcc.o(.text)
    RCC_GetSYSCLKSource                      0x08004805   Thumb Code    12  stm32f4xx_rcc.o(.text)
    RCC_HCLKConfig                           0x08004811   Thumb Code    20  stm32f4xx_rcc.o(.text)
    RCC_PCLK1Config                          0x08004825   Thumb Code    20  stm32f4xx_rcc.o(.text)
    RCC_PCLK2Config                          0x08004839   Thumb Code    22  stm32f4xx_rcc.o(.text)
    RCC_GetClocksFreq                        0x0800484f   Thumb Code   222  stm32f4xx_rcc.o(.text)
    RCC_RTCCLKConfig                         0x0800492d   Thumb Code    54  stm32f4xx_rcc.o(.text)
    RCC_RTCCLKCmd                            0x08004963   Thumb Code     8  stm32f4xx_rcc.o(.text)
    RCC_BackupResetCmd                       0x0800496b   Thumb Code     8  stm32f4xx_rcc.o(.text)
    RCC_I2SCLKConfig                         0x08004973   Thumb Code     6  stm32f4xx_rcc.o(.text)
    RCC_SAIPLLI2SClkDivConfig                0x08004979   Thumb Code    26  stm32f4xx_rcc.o(.text)
    RCC_SAIPLLSAIClkDivConfig                0x08004993   Thumb Code    28  stm32f4xx_rcc.o(.text)
    RCC_SAIBlockACLKConfig                   0x080049af   Thumb Code    20  stm32f4xx_rcc.o(.text)
    RCC_SAIBlockBCLKConfig                   0x080049c3   Thumb Code    20  stm32f4xx_rcc.o(.text)
    RCC_LTDCCLKDivConfig                     0x080049d7   Thumb Code    20  stm32f4xx_rcc.o(.text)
    RCC_TIMCLKPresConfig                     0x080049eb   Thumb Code     6  stm32f4xx_rcc.o(.text)
    RCC_AHB1PeriphClockCmd                   0x080049f1   Thumb Code    34  stm32f4xx_rcc.o(.text)
    RCC_AHB2PeriphClockCmd                   0x08004a13   Thumb Code    78  stm32f4xx_rcc.o(.text)
    RCC_AHB3PeriphClockCmd                   0x08004a61   Thumb Code    34  stm32f4xx_rcc.o(.text)
    RCC_APB1PeriphClockCmd                   0x08004a83   Thumb Code    34  stm32f4xx_rcc.o(.text)
    RCC_APB2PeriphClockCmd                   0x08004aa5   Thumb Code    34  stm32f4xx_rcc.o(.text)
    RCC_AHB1PeriphResetCmd                   0x08004ac7   Thumb Code    34  stm32f4xx_rcc.o(.text)
    RCC_AHB2PeriphResetCmd                   0x08004ae9   Thumb Code    34  stm32f4xx_rcc.o(.text)
    RCC_AHB3PeriphResetCmd                   0x08004b0b   Thumb Code    34  stm32f4xx_rcc.o(.text)
    RCC_APB1PeriphResetCmd                   0x08004b2d   Thumb Code    34  stm32f4xx_rcc.o(.text)
    RCC_APB2PeriphResetCmd                   0x08004b4f   Thumb Code    34  stm32f4xx_rcc.o(.text)
    RCC_AHB1PeriphClockLPModeCmd             0x08004b71   Thumb Code    34  stm32f4xx_rcc.o(.text)
    RCC_AHB2PeriphClockLPModeCmd             0x08004b93   Thumb Code    34  stm32f4xx_rcc.o(.text)
    RCC_AHB3PeriphClockLPModeCmd             0x08004bb5   Thumb Code    34  stm32f4xx_rcc.o(.text)
    RCC_APB1PeriphClockLPModeCmd             0x08004bd7   Thumb Code    34  stm32f4xx_rcc.o(.text)
    RCC_APB2PeriphClockLPModeCmd             0x08004bf9   Thumb Code    34  stm32f4xx_rcc.o(.text)
    RCC_ITConfig                             0x08004c1b   Thumb Code    34  stm32f4xx_rcc.o(.text)
    RCC_ClearFlag                            0x08004c3d   Thumb Code    18  stm32f4xx_rcc.o(.text)
    RCC_GetITStatus                          0x08004c4f   Thumb Code    22  stm32f4xx_rcc.o(.text)
    RCC_ClearITPendingBit                    0x08004c65   Thumb Code     8  stm32f4xx_rcc.o(.text)
    SPI_I2S_DeInit                           0x08004c71   Thumb Code   152  stm32f4xx_spi.o(.text)
    SPI_Init                                 0x08004d09   Thumb Code    60  stm32f4xx_spi.o(.text)
    I2S_Init                                 0x08004d45   Thumb Code   350  stm32f4xx_spi.o(.text)
    SPI_StructInit                           0x08004ea3   Thumb Code    24  stm32f4xx_spi.o(.text)
    I2S_StructInit                           0x08004ebb   Thumb Code    20  stm32f4xx_spi.o(.text)
    SPI_Cmd                                  0x08004ecf   Thumb Code    24  stm32f4xx_spi.o(.text)
    I2S_Cmd                                  0x08004ee7   Thumb Code    24  stm32f4xx_spi.o(.text)
    SPI_DataSizeConfig                       0x08004eff   Thumb Code    18  stm32f4xx_spi.o(.text)
    SPI_BiDirectionalLineConfig              0x08004f11   Thumb Code    28  stm32f4xx_spi.o(.text)
    SPI_NSSInternalSoftwareConfig            0x08004f2d   Thumb Code    30  stm32f4xx_spi.o(.text)
    SPI_SSOutputCmd                          0x08004f4b   Thumb Code    24  stm32f4xx_spi.o(.text)
    SPI_TIModeCmd                            0x08004f63   Thumb Code    24  stm32f4xx_spi.o(.text)
    I2S_FullDuplexConfig                     0x08004f7b   Thumb Code    80  stm32f4xx_spi.o(.text)
    SPI_I2S_ReceiveData                      0x08004fcb   Thumb Code     6  stm32f4xx_spi.o(.text)
    SPI_I2S_SendData                         0x08004fd1   Thumb Code     4  stm32f4xx_spi.o(.text)
    SPI_CalculateCRC                         0x08004fd5   Thumb Code    24  stm32f4xx_spi.o(.text)
    SPI_TransmitCRC                          0x08004fed   Thumb Code    10  stm32f4xx_spi.o(.text)
    SPI_GetCRC                               0x08004ff7   Thumb Code    16  stm32f4xx_spi.o(.text)
    SPI_GetCRCPolynomial                     0x08005007   Thumb Code     6  stm32f4xx_spi.o(.text)
    SPI_I2S_DMACmd                           0x0800500d   Thumb Code    18  stm32f4xx_spi.o(.text)
    SPI_I2S_ITConfig                         0x0800501f   Thumb Code    32  stm32f4xx_spi.o(.text)
    SPI_I2S_GetFlagStatus                    0x0800503f   Thumb Code    50  stm32f4xx_spi.o(.text)
    SPI_I2S_ClearFlag                        0x08005071   Thumb Code     6  stm32f4xx_spi.o(.text)
    SPI_I2S_GetITStatus                      0x08005077   Thumb Code    52  stm32f4xx_spi.o(.text)
    SPI_I2S_ClearITPendingBit                0x080050ab   Thumb Code    20  stm32f4xx_spi.o(.text)
    SYSCFG_DeInit                            0x080050c1   Thumb Code    22  stm32f4xx_syscfg.o(.text)
    SYSCFG_MemoryRemapConfig                 0x080050d7   Thumb Code     6  stm32f4xx_syscfg.o(.text)
    SYSCFG_MemorySwappingBank                0x080050dd   Thumb Code     6  stm32f4xx_syscfg.o(.text)
    SYSCFG_EXTILineConfig                    0x080050e3   Thumb Code    66  stm32f4xx_syscfg.o(.text)
    SYSCFG_ETH_MediaInterfaceConfig          0x08005125   Thumb Code     8  stm32f4xx_syscfg.o(.text)
    SYSCFG_CompensationCellCmd               0x0800512d   Thumb Code     6  stm32f4xx_syscfg.o(.text)
    SYSCFG_GetCompensationCellStatus         0x08005133   Thumb Code    22  stm32f4xx_syscfg.o(.text)
    TIM_DeInit                               0x08005155   Thumb Code   346  stm32f4xx_tim.o(.text)
    TIM_TimeBaseInit                         0x080052af   Thumb Code   104  stm32f4xx_tim.o(.text)
    TIM_TimeBaseStructInit                   0x08005317   Thumb Code    18  stm32f4xx_tim.o(.text)
    TIM_PrescalerConfig                      0x08005329   Thumb Code     6  stm32f4xx_tim.o(.text)
    TIM_CounterModeConfig                    0x0800532f   Thumb Code    18  stm32f4xx_tim.o(.text)
    TIM_SetCounter                           0x08005341   Thumb Code     4  stm32f4xx_tim.o(.text)
    TIM_SetAutoreload                        0x08005345   Thumb Code     4  stm32f4xx_tim.o(.text)
    TIM_GetCounter                           0x08005349   Thumb Code     6  stm32f4xx_tim.o(.text)
    TIM_GetPrescaler                         0x0800534f   Thumb Code     6  stm32f4xx_tim.o(.text)
    TIM_UpdateDisableConfig                  0x08005355   Thumb Code    24  stm32f4xx_tim.o(.text)
    TIM_UpdateRequestConfig                  0x0800536d   Thumb Code    24  stm32f4xx_tim.o(.text)
    TIM_ARRPreloadConfig                     0x08005385   Thumb Code    24  stm32f4xx_tim.o(.text)
    TIM_SelectOnePulseMode                   0x0800539d   Thumb Code    18  stm32f4xx_tim.o(.text)
    TIM_SetClockDivision                     0x080053af   Thumb Code    18  stm32f4xx_tim.o(.text)
    TIM_Cmd                                  0x080053c1   Thumb Code    24  stm32f4xx_tim.o(.text)
    TIM_OC1Init                              0x080053d9   Thumb Code   114  stm32f4xx_tim.o(.text)
    TIM_OC2Init                              0x0800544b   Thumb Code   154  stm32f4xx_tim.o(.text)
    TIM_OC3Init                              0x080054e5   Thumb Code   204  stm32f4xx_tim.o(.text)
    TIM_OC4Init                              0x080055b1   Thumb Code   112  stm32f4xx_tim.o(.text)
    TIM_OCStructInit                         0x08005621   Thumb Code    20  stm32f4xx_tim.o(.text)
    TIM_SelectOCxM                           0x08005635   Thumb Code    86  stm32f4xx_tim.o(.text)
    TIM_SetCompare1                          0x0800568b   Thumb Code     4  stm32f4xx_tim.o(.text)
    TIM_SetCompare2                          0x0800568f   Thumb Code     4  stm32f4xx_tim.o(.text)
    TIM_SetCompare3                          0x08005693   Thumb Code     4  stm32f4xx_tim.o(.text)
    TIM_SetCompare4                          0x08005697   Thumb Code     4  stm32f4xx_tim.o(.text)
    TIM_ForcedOC1Config                      0x0800569b   Thumb Code    18  stm32f4xx_tim.o(.text)
    TIM_ForcedOC2Config                      0x080056ad   Thumb Code    26  stm32f4xx_tim.o(.text)
    TIM_ForcedOC3Config                      0x080056c7   Thumb Code    18  stm32f4xx_tim.o(.text)
    TIM_ForcedOC4Config                      0x080056d9   Thumb Code    26  stm32f4xx_tim.o(.text)
    TIM_OC1PreloadConfig                     0x080056f3   Thumb Code    18  stm32f4xx_tim.o(.text)
    TIM_OC2PreloadConfig                     0x08005705   Thumb Code    26  stm32f4xx_tim.o(.text)
    TIM_OC3PreloadConfig                     0x0800571f   Thumb Code    18  stm32f4xx_tim.o(.text)
    TIM_OC4PreloadConfig                     0x08005731   Thumb Code    26  stm32f4xx_tim.o(.text)
    TIM_OC1FastConfig                        0x0800574b   Thumb Code    18  stm32f4xx_tim.o(.text)
    TIM_OC2FastConfig                        0x0800575d   Thumb Code    26  stm32f4xx_tim.o(.text)
    TIM_OC3FastConfig                        0x08005777   Thumb Code    18  stm32f4xx_tim.o(.text)
    TIM_OC4FastConfig                        0x08005789   Thumb Code    26  stm32f4xx_tim.o(.text)
    TIM_ClearOC1Ref                          0x080057a3   Thumb Code    18  stm32f4xx_tim.o(.text)
    TIM_ClearOC2Ref                          0x080057b5   Thumb Code    24  stm32f4xx_tim.o(.text)
    TIM_ClearOC3Ref                          0x080057cd   Thumb Code    18  stm32f4xx_tim.o(.text)
    TIM_ClearOC4Ref                          0x080057df   Thumb Code    24  stm32f4xx_tim.o(.text)
    TIM_OC1PolarityConfig                    0x080057f7   Thumb Code    18  stm32f4xx_tim.o(.text)
    TIM_OC1NPolarityConfig                   0x08005809   Thumb Code    18  stm32f4xx_tim.o(.text)
    TIM_OC2PolarityConfig                    0x0800581b   Thumb Code    26  stm32f4xx_tim.o(.text)
    TIM_OC2NPolarityConfig                   0x08005835   Thumb Code    26  stm32f4xx_tim.o(.text)
    TIM_OC3PolarityConfig                    0x0800584f   Thumb Code    26  stm32f4xx_tim.o(.text)
    TIM_OC3NPolarityConfig                   0x08005869   Thumb Code    26  stm32f4xx_tim.o(.text)
    TIM_OC4PolarityConfig                    0x08005883   Thumb Code    26  stm32f4xx_tim.o(.text)
    TIM_CCxCmd                               0x0800589d   Thumb Code    30  stm32f4xx_tim.o(.text)
    TIM_CCxNCmd                              0x080058bb   Thumb Code    30  stm32f4xx_tim.o(.text)
    TIM_SetIC4Prescaler                      0x080058d9   Thumb Code    26  stm32f4xx_tim.o(.text)
    TIM_SetIC3Prescaler                      0x08005943   Thumb Code    18  stm32f4xx_tim.o(.text)
    TIM_SetIC2Prescaler                      0x0800599d   Thumb Code    26  stm32f4xx_tim.o(.text)
    TIM_SetIC1Prescaler                      0x08005a11   Thumb Code    18  stm32f4xx_tim.o(.text)
    TIM_ICInit                               0x08005a5d   Thumb Code   110  stm32f4xx_tim.o(.text)
    TIM_ICStructInit                         0x08005acb   Thumb Code    18  stm32f4xx_tim.o(.text)
    TIM_PWMIConfig                           0x08005add   Thumb Code   124  stm32f4xx_tim.o(.text)
    TIM_GetCapture1                          0x08005b59   Thumb Code     6  stm32f4xx_tim.o(.text)
    TIM_GetCapture2                          0x08005b5f   Thumb Code     6  stm32f4xx_tim.o(.text)
    TIM_GetCapture3                          0x08005b65   Thumb Code     6  stm32f4xx_tim.o(.text)
    TIM_GetCapture4                          0x08005b6b   Thumb Code     6  stm32f4xx_tim.o(.text)
    TIM_BDTRConfig                           0x08005b71   Thumb Code    32  stm32f4xx_tim.o(.text)
    TIM_BDTRStructInit                       0x08005b91   Thumb Code    18  stm32f4xx_tim.o(.text)
    TIM_CtrlPWMOutputs                       0x08005ba3   Thumb Code    30  stm32f4xx_tim.o(.text)
    TIM_SelectCOM                            0x08005bc1   Thumb Code    24  stm32f4xx_tim.o(.text)
    TIM_CCPreloadControl                     0x08005bd9   Thumb Code    24  stm32f4xx_tim.o(.text)
    TIM_ITConfig                             0x08005bf1   Thumb Code    18  stm32f4xx_tim.o(.text)
    TIM_GenerateEvent                        0x08005c03   Thumb Code     4  stm32f4xx_tim.o(.text)
    TIM_GetFlagStatus                        0x08005c07   Thumb Code    18  stm32f4xx_tim.o(.text)
    TIM_ClearFlag                            0x08005c19   Thumb Code     6  stm32f4xx_tim.o(.text)
    TIM_GetITStatus                          0x08005c1f   Thumb Code    34  stm32f4xx_tim.o(.text)
    TIM_ClearITPendingBit                    0x08005c41   Thumb Code     6  stm32f4xx_tim.o(.text)
    TIM_DMAConfig                            0x08005c47   Thumb Code    10  stm32f4xx_tim.o(.text)
    TIM_DMACmd                               0x08005c51   Thumb Code    18  stm32f4xx_tim.o(.text)
    TIM_SelectCCDMA                          0x08005c63   Thumb Code    24  stm32f4xx_tim.o(.text)
    TIM_InternalClockConfig                  0x08005c7b   Thumb Code    12  stm32f4xx_tim.o(.text)
    TIM_SelectInputTrigger                   0x08005c87   Thumb Code    18  stm32f4xx_tim.o(.text)
    TIM_ITRxExternalClockConfig              0x08005c99   Thumb Code    24  stm32f4xx_tim.o(.text)
    TIM_TIxExternalClockConfig               0x08005cb1   Thumb Code    62  stm32f4xx_tim.o(.text)
    TIM_ETRConfig                            0x08005cef   Thumb Code    28  stm32f4xx_tim.o(.text)
    TIM_ETRClockMode1Config                  0x08005d0b   Thumb Code    54  stm32f4xx_tim.o(.text)
    TIM_ETRClockMode2Config                  0x08005d41   Thumb Code    32  stm32f4xx_tim.o(.text)
    TIM_SelectOutputTrigger                  0x08005d61   Thumb Code    18  stm32f4xx_tim.o(.text)
    TIM_SelectSlaveMode                      0x08005d73   Thumb Code    18  stm32f4xx_tim.o(.text)
    TIM_SelectMasterSlaveMode                0x08005d85   Thumb Code    18  stm32f4xx_tim.o(.text)
    TIM_EncoderInterfaceConfig               0x08005d97   Thumb Code    66  stm32f4xx_tim.o(.text)
    TIM_SelectHallSensor                     0x08005dd9   Thumb Code    24  stm32f4xx_tim.o(.text)
    TIM_RemapConfig                          0x08005df1   Thumb Code     6  stm32f4xx_tim.o(.text)
    USART_DeInit                             0x08005df9   Thumb Code   206  stm32f4xx_usart.o(.text)
    USART_Init                               0x08005ec7   Thumb Code   204  stm32f4xx_usart.o(.text)
    USART_StructInit                         0x08005f93   Thumb Code    24  stm32f4xx_usart.o(.text)
    USART_ClockInit                          0x08005fab   Thumb Code    32  stm32f4xx_usart.o(.text)
    USART_ClockStructInit                    0x08005fcb   Thumb Code    12  stm32f4xx_usart.o(.text)
    USART_Cmd                                0x08005fd7   Thumb Code    24  stm32f4xx_usart.o(.text)
    USART_SetPrescaler                       0x08005fef   Thumb Code    16  stm32f4xx_usart.o(.text)
    USART_OverSampling8Cmd                   0x08005fff   Thumb Code    22  stm32f4xx_usart.o(.text)
    USART_OneBitMethodCmd                    0x08006015   Thumb Code    24  stm32f4xx_usart.o(.text)
    USART_SendData                           0x0800602d   Thumb Code     8  stm32f4xx_usart.o(.text)
    USART_ReceiveData                        0x08006035   Thumb Code    10  stm32f4xx_usart.o(.text)
    USART_SetAddress                         0x0800603f   Thumb Code    18  stm32f4xx_usart.o(.text)
    USART_ReceiverWakeUpCmd                  0x08006051   Thumb Code    24  stm32f4xx_usart.o(.text)
    USART_WakeUpConfig                       0x08006069   Thumb Code    18  stm32f4xx_usart.o(.text)
    USART_LINBreakDetectLengthConfig         0x0800607b   Thumb Code    18  stm32f4xx_usart.o(.text)
    USART_LINCmd                             0x0800608d   Thumb Code    24  stm32f4xx_usart.o(.text)
    USART_SendBreak                          0x080060a5   Thumb Code    10  stm32f4xx_usart.o(.text)
    USART_HalfDuplexCmd                      0x080060af   Thumb Code    24  stm32f4xx_usart.o(.text)
    USART_SetGuardTime                       0x080060c7   Thumb Code    16  stm32f4xx_usart.o(.text)
    USART_SmartCardCmd                       0x080060d7   Thumb Code    24  stm32f4xx_usart.o(.text)
    USART_SmartCardNACKCmd                   0x080060ef   Thumb Code    24  stm32f4xx_usart.o(.text)
    USART_IrDAConfig                         0x08006107   Thumb Code    18  stm32f4xx_usart.o(.text)
    USART_IrDACmd                            0x08006119   Thumb Code    24  stm32f4xx_usart.o(.text)
    USART_DMACmd                             0x08006131   Thumb Code    18  stm32f4xx_usart.o(.text)
    USART_ITConfig                           0x08006143   Thumb Code    74  stm32f4xx_usart.o(.text)
    USART_GetFlagStatus                      0x0800618d   Thumb Code    26  stm32f4xx_usart.o(.text)
    USART_ClearFlag                          0x080061a7   Thumb Code    18  stm32f4xx_usart.o(.text)
    USART_GetITStatus                        0x080061b9   Thumb Code   118  stm32f4xx_usart.o(.text)
    USART_ClearITPendingBit                  0x0800622f   Thumb Code    30  stm32f4xx_usart.o(.text)
    __aeabi_memcpy                           0x0800624d   Thumb Code     0  rt_memcpy_v6.o(.text)
    __rt_memcpy                              0x0800624d   Thumb Code   138  rt_memcpy_v6.o(.text)
    _memcpy_lastbytes                        0x080062b3   Thumb Code     0  rt_memcpy_v6.o(.text)
    __aeabi_memset                           0x080062d7   Thumb Code    16  aeabi_memset.o(.text)
    __use_two_region_memory                  0x080062e7   Thumb Code     2  heapauxi.o(.text)
    __rt_heap_escrow$2region                 0x080062e9   Thumb Code     2  heapauxi.o(.text)
    __rt_heap_expand$2region                 0x080062eb   Thumb Code     2  heapauxi.o(.text)
    __aeabi_memcpy4                          0x080062ed   Thumb Code     0  rt_memcpy_w.o(.text)
    __aeabi_memcpy8                          0x080062ed   Thumb Code     0  rt_memcpy_w.o(.text)
    __rt_memcpy_w                            0x080062ed   Thumb Code   100  rt_memcpy_w.o(.text)
    _memcpy_lastbytes_aligned                0x08006335   Thumb Code     0  rt_memcpy_w.o(.text)
    __aeabi_memclr                           0x08006351   Thumb Code     0  rt_memclr.o(.text)
    __rt_memclr                              0x08006351   Thumb Code    68  rt_memclr.o(.text)
    _memset                                  0x08006355   Thumb Code     0  rt_memclr.o(.text)
    __aeabi_memclr4                          0x08006395   Thumb Code     0  rt_memclr_w.o(.text)
    __aeabi_memclr8                          0x08006395   Thumb Code     0  rt_memclr_w.o(.text)
    __rt_memclr_w                            0x08006395   Thumb Code    78  rt_memclr_w.o(.text)
    _memset_w                                0x08006399   Thumb Code     0  rt_memclr_w.o(.text)
    __user_setup_stackheap                   0x080063e3   Thumb Code    74  sys_stackheap_outer.o(.text)
    exit                                     0x0800642d   Thumb Code    18  exit.o(.text)
    __user_libspace                          0x08006441   Thumb Code     8  libspace.o(.text)
    __user_perproc_libspace                  0x08006441   Thumb Code     0  libspace.o(.text)
    __user_perthread_libspace                0x08006441   Thumb Code     0  libspace.o(.text)
    _sys_exit                                0x08006449   Thumb Code     8  sys_exit.o(.text)
    __I$use$semihosting                      0x08006455   Thumb Code     0  use_no_semi.o(.text)
    __use_no_semihosting_swi                 0x08006455   Thumb Code     2  use_no_semi.o(.text)
    __semihosting_library_function           0x08006457   Thumb Code     0  indicate_semi.o(.text)
    __aeabi_d2f                              0x08006459   Thumb Code     0  d2f.o(x$fpl$d2f)
    _d2f                                     0x08006459   Thumb Code    98  d2f.o(x$fpl$d2f)
    __aeabi_dadd                             0x080064bd   Thumb Code     0  daddsub_clz.o(x$fpl$dadd)
    _dadd                                    0x080064bd   Thumb Code   332  daddsub_clz.o(x$fpl$dadd)
    __fpl_dcmp_Inf                           0x0800660d   Thumb Code    24  dcmpi.o(x$fpl$dcmpinf)
    __aeabi_d2iz                             0x08006625   Thumb Code     0  dfix.o(x$fpl$dfix)
    _dfix                                    0x08006625   Thumb Code    94  dfix.o(x$fpl$dfix)
    __aeabi_cdcmple                          0x08006685   Thumb Code     0  dleqf.o(x$fpl$dleqf)
    _dcmple                                  0x08006685   Thumb Code   120  dleqf.o(x$fpl$dleqf)
    __fpl_dcmple_InfNaN                      0x080066e7   Thumb Code     0  dleqf.o(x$fpl$dleqf)
    __aeabi_dmul                             0x080066fd   Thumb Code     0  dmul.o(x$fpl$dmul)
    _dmul                                    0x080066fd   Thumb Code   332  dmul.o(x$fpl$dmul)
    __fpl_dnaninf                            0x08006851   Thumb Code   156  dnaninf.o(x$fpl$dnaninf)
    __fpl_dretinf                            0x080068ed   Thumb Code    12  dretinf.o(x$fpl$dretinf)
    __aeabi_cdrcmple                         0x080068f9   Thumb Code     0  drleqf.o(x$fpl$drleqf)
    _drcmple                                 0x080068f9   Thumb Code   108  drleqf.o(x$fpl$drleqf)
    __aeabi_dsub                             0x08006965   Thumb Code     0  daddsub_clz.o(x$fpl$dsub)
    _dsub                                    0x08006965   Thumb Code   464  daddsub_clz.o(x$fpl$dsub)
    __aeabi_f2d                              0x08006b39   Thumb Code     0  f2d.o(x$fpl$f2d)
    _f2d                                     0x08006b39   Thumb Code    86  f2d.o(x$fpl$f2d)
    __fpl_fnaninf                            0x08006b8f   Thumb Code   140  fnaninf.o(x$fpl$fnaninf)
    _fp_init                                 0x08006c1b   Thumb Code    10  fpinit.o(x$fpl$fpinit)
    __fplib_config_fpu_vfp                   0x08006c23   Thumb Code     0  fpinit.o(x$fpl$fpinit)
    __fplib_config_pureend_doubles           0x08006c23   Thumb Code     0  fpinit.o(x$fpl$fpinit)
    __fpl_fretinf                            0x08006c25   Thumb Code    10  fretinf.o(x$fpl$fretinf)
    __I$use$fp                               0x08006c2e   Number         0  usenofp.o(x$fpl$usenofp)
    GPIO_PIN                                 0x08006c30   Data           8  discoveryf4utils.o(.constdata)
    GPIO_CLK                                 0x08006c38   Data          16  discoveryf4utils.o(.constdata)
    BUTTON_PIN                               0x08006c48   Data           2  discoveryf4utils.o(.constdata)
    BUTTON_CLK                               0x08006c4c   Data           4  discoveryf4utils.o(.constdata)
    BUTTON_EXTI_LINE                         0x08006c50   Data           2  discoveryf4utils.o(.constdata)
    BUTTON_PORT_SOURCE                       0x08006c52   Data           1  discoveryf4utils.o(.constdata)
    BUTTON_PIN_SOURCE                        0x08006c53   Data           1  discoveryf4utils.o(.constdata)
    BUTTON_IRQn                              0x08006c54   Data           1  discoveryf4utils.o(.constdata)
    COM_USART_CLK                            0x08006c58   Data           4  discoveryf4utils.o(.constdata)
    COM_TX_PORT_CLK                          0x08006c5c   Data           4  discoveryf4utils.o(.constdata)
    COM_RX_PORT_CLK                          0x08006c60   Data           4  discoveryf4utils.o(.constdata)
    COM_TX_PIN                               0x08006c64   Data           2  discoveryf4utils.o(.constdata)
    COM_RX_PIN                               0x08006c66   Data           2  discoveryf4utils.o(.constdata)
    COM_TX_PIN_SOURCE                        0x08006c68   Data           2  discoveryf4utils.o(.constdata)
    COM_RX_PIN_SOURCE                        0x08006c6a   Data           2  discoveryf4utils.o(.constdata)
    COM_TX_AF                                0x08006c6c   Data           2  discoveryf4utils.o(.constdata)
    COM_RX_AF                                0x08006c6e   Data           2  discoveryf4utils.o(.constdata)
    Region$$Table$$Base                      0x08006c70   Number         0  anon$$obj.o(Region$$Table)
    Region$$Table$$Limit                     0x08006c90   Number         0  anon$$obj.o(Region$$Table)
    SystemCoreClock                          0x20000000   Data           4  system_stm32f4xx.o(.data)
    AHBPrescTable                            0x20000004   Data          16  system_stm32f4xx.o(.data)
    GPIO_InitStructure                       0x20000018   Data           8  main.o(.data)
    sampleCounter                            0x20000020   Data           4  main.o(.data)
    sample                                   0x20000024   Data           2  main.o(.data)
    sawWave                                  0x20000028   Data           8  main.o(.data)
    filteredSaw                              0x20000030   Data           4  main.o(.data)
    GPIO_Initstructure                       0x20000034   Data           8  main.o(.data)
    xMasterThreadHandler                     0x2000003c   Data           4  main.o(.data)
    timer_for_button_hold                    0x20000040   Data           4  main.o(.data)
    timer_for_button_released                0x20000044   Data           4  main.o(.data)
    timer_for_idle                           0x20000048   Data           4  main.o(.data)
    is_button_up                             0x2000004c   Data           1  main.o(.data)
    within_double_click_period               0x2000004d   Data           1  main.o(.data)
    button_clicked                           0x2000004e   Data           1  main.o(.data)
    is_single_click                          0x2000004f   Data           1  main.o(.data)
    is_double_click                          0x20000050   Data           1  main.o(.data)
    is_long_click                            0x20000051   Data           1  main.o(.data)
    curMode                                  0x20000052   Data           1  main.o(.data)
    countdown_timer_has_started              0x20000053   Data           1  main.o(.data)
    error_LED_1                              0x20000054   Data           2  main.o(.data)
    error_LED_2                              0x20000056   Data           2  main.o(.data)
    display_LED_1                            0x20000058   Data           2  main.o(.data)
    num_blink                                0x2000005c   Data           4  main.o(.data)
    coffee_type                              0x20000060   Data           4  main.o(.data)
    ingredient_type                          0x20000064   Data           4  main.o(.data)
    time_milk                                0x20000068   Data           4  main.o(.data)
    time_espresso                            0x2000006c   Data           4  main.o(.data)
    time_choc                                0x20000070   Data           4  main.o(.data)
    new_num_click                            0x20000074   Data           4  main.o(.data)
    coffee_LED                               0x20000078   Data           2  main.o(.data)
    display_ingredient_predef_timing         0x2000007a   Data           1  main.o(.data)
    output_sound                             0x2000007b   Data           1  main.o(.data)
    timer_for_sound                          0x2000007c   Data           4  main.o(.data)
    start_sound_timer                        0x20000080   Data           1  main.o(.data)
    sound_init                               0x20000081   Data           1  main.o(.data)
    changeValve                              0x20000082   Data           1  main.o(.data)
    curValvePos                              0x20000084   Data           4  main.o(.data)
    xHandleBlue                              0x20000088   Data           4  main.o(.data)
    GPIO_PORT                                0x2000008c   Data          16  discoveryf4utils.o(.data)
    BUTTON_PORT                              0x2000009c   Data           4  discoveryf4utils.o(.data)
    NVIC_InitStructure                       0x200000a0   Data           4  discoveryf4utils.o(.data)
    COM_USART                                0x200000a4   Data           4  discoveryf4utils.o(.data)
    COM_TX_PORT                              0x200000a8   Data           4  discoveryf4utils.o(.data)
    COM_RX_PORT                              0x200000ac   Data           4  discoveryf4utils.o(.data)
    pxCurrentTCB                             0x200000b0   Data           4  tasks.o(.data)
    timer_InitStructure                      0x2000012c   Data          12  main.o(.bss)
    filt                                     0x20000138   Data          68  main.o(.bss)
    I2S_InitType                             0x2000017c   Data          16  codec.o(.bss)
    I2C_InitType                             0x2000018c   Data          16  codec.o(.bss)
    xQueueRegistry                           0x2000019c   Data          64  queue.o(.bss)
    __libspace_start                         0x20012ecc   Data          96  libspace.o(.bss)
    __temporary_stack_top$libspace           0x20012f2c   Data           0  libspace.o(.bss)



==============================================================================

Memory Map of the image

  Image Entry point : 0x08000189

  Load Region LR_IROM1 (Base: 0x08000000, Size: 0x00006dbc, Max: 0x00100000, ABSOLUTE, COMPRESSED[0x00006cd8])

    Execution Region ER_IROM1 (Exec base: 0x08000000, Load base: 0x08000000, Size: 0x00006c90, Max: 0x00100000, ABSOLUTE)

    Exec Addr    Load Addr    Size         Type   Attr      Idx    E Section Name        Object

    0x08000000   0x08000000   0x00000188   Data   RO            3    RESET               startup_stm32f4xx.o
    0x08000188   0x08000188   0x00000008   Code   RO         1191  * !!!main             c_w.l(__main.o)
    0x08000190   0x08000190   0x00000034   Code   RO         1387    !!!scatter          c_w.l(__scatter.o)
    0x080001c4   0x080001c4   0x0000005a   Code   RO         1385    !!dczerorl2         c_w.l(__dczerorl2.o)
    0x0800021e   0x0800021e   0x00000002   PAD
    0x08000220   0x08000220   0x0000001c   Code   RO         1389    !!handler_zi        c_w.l(__scatter_zi.o)
    0x0800023c   0x0800023c   0x00000002   Code   RO         1255    .ARM.Collect$$libinit$$00000000  c_w.l(libinit.o)
    0x0800023e   0x0800023e   0x00000004   Code   RO         1261    .ARM.Collect$$libinit$$00000001  c_w.l(libinit2.o)
    0x08000242   0x08000242   0x00000000   Code   RO         1264    .ARM.Collect$$libinit$$00000004  c_w.l(libinit2.o)
    0x08000242   0x08000242   0x00000000   Code   RO         1267    .ARM.Collect$$libinit$$0000000A  c_w.l(libinit2.o)
    0x08000242   0x08000242   0x00000000   Code   RO         1269    .ARM.Collect$$libinit$$0000000C  c_w.l(libinit2.o)
    0x08000242   0x08000242   0x00000000   Code   RO         1271    .ARM.Collect$$libinit$$0000000E  c_w.l(libinit2.o)
    0x08000242   0x08000242   0x00000000   Code   RO         1274    .ARM.Collect$$libinit$$00000011  c_w.l(libinit2.o)
    0x08000242   0x08000242   0x00000000   Code   RO         1276    .ARM.Collect$$libinit$$00000013  c_w.l(libinit2.o)
    0x08000242   0x08000242   0x00000000   Code   RO         1278    .ARM.Collect$$libinit$$00000015  c_w.l(libinit2.o)
    0x08000242   0x08000242   0x00000000   Code   RO         1280    .ARM.Collect$$libinit$$00000017  c_w.l(libinit2.o)
    0x08000242   0x08000242   0x00000000   Code   RO         1282    .ARM.Collect$$libinit$$00000019  c_w.l(libinit2.o)
    0x08000242   0x08000242   0x00000000   Code   RO         1284    .ARM.Collect$$libinit$$0000001B  c_w.l(libinit2.o)
    0x08000242   0x08000242   0x00000000   Code   RO         1286    .ARM.Collect$$libinit$$0000001D  c_w.l(libinit2.o)
    0x08000242   0x08000242   0x00000000   Code   RO         1288    .ARM.Collect$$libinit$$0000001F  c_w.l(libinit2.o)
    0x08000242   0x08000242   0x00000000   Code   RO         1290    .ARM.Collect$$libinit$$00000021  c_w.l(libinit2.o)
    0x08000242   0x08000242   0x00000000   Code   RO         1292    .ARM.Collect$$libinit$$00000023  c_w.l(libinit2.o)
    0x08000242   0x08000242   0x00000000   Code   RO         1294    .ARM.Collect$$libinit$$00000025  c_w.l(libinit2.o)
    0x08000242   0x08000242   0x00000000   Code   RO         1298    .ARM.Collect$$libinit$$0000002C  c_w.l(libinit2.o)
    0x08000242   0x08000242   0x00000000   Code   RO         1300    .ARM.Collect$$libinit$$0000002E  c_w.l(libinit2.o)
    0x08000242   0x08000242   0x00000000   Code   RO         1302    .ARM.Collect$$libinit$$00000030  c_w.l(libinit2.o)
    0x08000242   0x08000242   0x00000000   Code   RO         1304    .ARM.Collect$$libinit$$00000032  c_w.l(libinit2.o)
    0x08000242   0x08000242   0x00000002   Code   RO         1305    .ARM.Collect$$libinit$$00000033  c_w.l(libinit2.o)
    0x08000244   0x08000244   0x00000002   Code   RO         1325    .ARM.Collect$$libshutdown$$00000000  c_w.l(libshutdown.o)
    0x08000246   0x08000246   0x00000000   Code   RO         1338    .ARM.Collect$$libshutdown$$00000002  c_w.l(libshutdown2.o)
    0x08000246   0x08000246   0x00000000   Code   RO         1340    .ARM.Collect$$libshutdown$$00000004  c_w.l(libshutdown2.o)
    0x08000246   0x08000246   0x00000000   Code   RO         1343    .ARM.Collect$$libshutdown$$00000007  c_w.l(libshutdown2.o)
    0x08000246   0x08000246   0x00000000   Code   RO         1346    .ARM.Collect$$libshutdown$$0000000A  c_w.l(libshutdown2.o)
    0x08000246   0x08000246   0x00000000   Code   RO         1348    .ARM.Collect$$libshutdown$$0000000C  c_w.l(libshutdown2.o)
    0x08000246   0x08000246   0x00000000   Code   RO         1351    .ARM.Collect$$libshutdown$$0000000F  c_w.l(libshutdown2.o)
    0x08000246   0x08000246   0x00000002   Code   RO         1352    .ARM.Collect$$libshutdown$$00000010  c_w.l(libshutdown2.o)
    0x08000248   0x08000248   0x00000000   Code   RO         1211    .ARM.Collect$$rtentry$$00000000  c_w.l(__rtentry.o)
    0x08000248   0x08000248   0x00000000   Code   RO         1228    .ARM.Collect$$rtentry$$00000002  c_w.l(__rtentry2.o)
    0x08000248   0x08000248   0x00000006   Code   RO         1240    .ARM.Collect$$rtentry$$00000004  c_w.l(__rtentry4.o)
    0x0800024e   0x0800024e   0x00000000   Code   RO         1230    .ARM.Collect$$rtentry$$00000009  c_w.l(__rtentry2.o)
    0x0800024e   0x0800024e   0x00000004   Code   RO         1231    .ARM.Collect$$rtentry$$0000000A  c_w.l(__rtentry2.o)
    0x08000252   0x08000252   0x00000000   Code   RO         1233    .ARM.Collect$$rtentry$$0000000C  c_w.l(__rtentry2.o)
    0x08000252   0x08000252   0x00000008   Code   RO         1234    .ARM.Collect$$rtentry$$0000000D  c_w.l(__rtentry2.o)
    0x0800025a   0x0800025a   0x00000002   Code   RO         1259    .ARM.Collect$$rtexit$$00000000  c_w.l(rtexit.o)
    0x0800025c   0x0800025c   0x00000000   Code   RO         1307    .ARM.Collect$$rtexit$$00000002  c_w.l(rtexit2.o)
    0x0800025c   0x0800025c   0x00000004   Code   RO         1308    .ARM.Collect$$rtexit$$00000003  c_w.l(rtexit2.o)
    0x08000260   0x08000260   0x00000006   Code   RO         1309    .ARM.Collect$$rtexit$$00000004  c_w.l(rtexit2.o)
    0x08000266   0x08000266   0x00000002   PAD
    0x08000268   0x08000268   0x000000c6   Code   RO          445    .emb_text           port.o
    0x0800032e   0x0800032e   0x00000002   PAD
    0x08000330   0x08000330   0x00000040   Code   RO            4    .text               startup_stm32f4xx.o
    0x08000370   0x08000370   0x00000210   Code   RO           12    .text               system_stm32f4xx.o
    0x08000580   0x08000580   0x00000fc4   Code   RO          139    .text               main.o
    0x08001544   0x08001544   0x00000228   Code   RO          220    .text               discoveryf4utils.o
    0x0800176c   0x0800176c   0x00000014   Code   RO          244    .text               stm32f4xx_it.o
    0x08001780   0x08001780   0x00000414   Code   RO          267    .text               codec.o
    0x08001b94   0x08001b94   0x00000094   Code   RO          349    .text               list.o
    0x08001c28   0x08001c28   0x000008d8   Code   RO          369    .text               queue.o
    0x08002500   0x08002500   0x000010c8   Code   RO          395    .text               tasks.o
    0x080035c8   0x080035c8   0x00000452   Code   RO          422    .text               timers.o
    0x08003a1a   0x08003a1a   0x00000002   PAD
    0x08003a1c   0x08003a1c   0x00000220   Code   RO          446    .text               port.o
    0x08003c3c   0x08003c3c   0x00000124   Code   RO          471    .text               heap_2.o
    0x08003d60   0x08003d60   0x000000e0   Code   RO          494    .text               misc.o
    0x08003e40   0x08003e40   0x00000110   Code   RO          757    .text               stm32f4xx_exti.o
    0x08003f50   0x08003f50   0x00000294   Code   RO          817    .text               stm32f4xx_gpio.o
    0x080041e4   0x080041e4   0x00000456   Code   RO          897    .text               stm32f4xx_i2c.o
    0x0800463a   0x0800463a   0x00000002   PAD
    0x0800463c   0x0800463c   0x00000634   Code   RO          980    .text               stm32f4xx_rcc.o
    0x08004c70   0x08004c70   0x0000044e   Code   RO         1085    .text               stm32f4xx_spi.o
    0x080050be   0x080050be   0x00000002   PAD
    0x080050c0   0x080050c0   0x00000094   Code   RO         1105    .text               stm32f4xx_syscfg.o
    0x08005154   0x08005154   0x00000ca2   Code   RO         1125    .text               stm32f4xx_tim.o
    0x08005df6   0x08005df6   0x00000002   PAD
    0x08005df8   0x08005df8   0x00000454   Code   RO         1145    .text               stm32f4xx_usart.o
    0x0800624c   0x0800624c   0x0000008a   Code   RO         1185    .text               c_w.l(rt_memcpy_v6.o)
    0x080062d6   0x080062d6   0x00000010   Code   RO         1187    .text               c_w.l(aeabi_memset.o)
    0x080062e6   0x080062e6   0x00000006   Code   RO         1189    .text               c_w.l(heapauxi.o)
    0x080062ec   0x080062ec   0x00000064   Code   RO         1212    .text               c_w.l(rt_memcpy_w.o)
    0x08006350   0x08006350   0x00000044   Code   RO         1214    .text               c_w.l(rt_memclr.o)
    0x08006394   0x08006394   0x0000004e   Code   RO         1242    .text               c_w.l(rt_memclr_w.o)
    0x080063e2   0x080063e2   0x0000004a   Code   RO         1246    .text               c_w.l(sys_stackheap_outer.o)
    0x0800642c   0x0800642c   0x00000012   Code   RO         1248    .text               c_w.l(exit.o)
    0x0800643e   0x0800643e   0x00000002   PAD
    0x08006440   0x08006440   0x00000008   Code   RO         1256    .text               c_w.l(libspace.o)
    0x08006448   0x08006448   0x0000000c   Code   RO         1317    .text               c_w.l(sys_exit.o)
    0x08006454   0x08006454   0x00000002   Code   RO         1328    .text               c_w.l(use_no_semi.o)
    0x08006456   0x08006456   0x00000000   Code   RO         1330    .text               c_w.l(indicate_semi.o)
    0x08006456   0x08006456   0x00000002   PAD
    0x08006458   0x08006458   0x00000062   Code   RO         1193    x$fpl$d2f           fz_wm.l(d2f.o)
    0x080064ba   0x080064ba   0x00000002   PAD
    0x080064bc   0x080064bc   0x00000150   Code   RO         1195    x$fpl$dadd          fz_wm.l(daddsub_clz.o)
    0x0800660c   0x0800660c   0x00000018   Code   RO         1244    x$fpl$dcmpinf       fz_wm.l(dcmpi.o)
    0x08006624   0x08006624   0x0000005e   Code   RO         1201    x$fpl$dfix          fz_wm.l(dfix.o)
    0x08006682   0x08006682   0x00000002   PAD
    0x08006684   0x08006684   0x00000078   Code   RO         1216    x$fpl$dleqf         fz_wm.l(dleqf.o)
    0x080066fc   0x080066fc   0x00000154   Code   RO         1205    x$fpl$dmul          fz_wm.l(dmul.o)
    0x08006850   0x08006850   0x0000009c   Code   RO         1218    x$fpl$dnaninf       fz_wm.l(dnaninf.o)
    0x080068ec   0x080068ec   0x0000000c   Code   RO         1220    x$fpl$dretinf       fz_wm.l(dretinf.o)
    0x080068f8   0x080068f8   0x0000006c   Code   RO         1207    x$fpl$drleqf        fz_wm.l(drleqf.o)
    0x08006964   0x08006964   0x000001d4   Code   RO         1197    x$fpl$dsub          fz_wm.l(daddsub_clz.o)
    0x08006b38   0x08006b38   0x00000056   Code   RO         1209    x$fpl$f2d           fz_wm.l(f2d.o)
    0x08006b8e   0x08006b8e   0x0000008c   Code   RO         1222    x$fpl$fnaninf       fz_wm.l(fnaninf.o)
    0x08006c1a   0x08006c1a   0x0000000a   Code   RO         1315    x$fpl$fpinit        fz_wm.l(fpinit.o)
    0x08006c24   0x08006c24   0x0000000a   Code   RO         1224    x$fpl$fretinf       fz_wm.l(fretinf.o)
    0x08006c2e   0x08006c2e   0x00000000   Code   RO         1226    x$fpl$usenofp       fz_wm.l(usenofp.o)
    0x08006c2e   0x08006c2e   0x00000002   PAD
    0x08006c30   0x08006c30   0x00000040   Data   RO          221    .constdata          discoveryf4utils.o
    0x08006c70   0x08006c70   0x00000020   Data   RO         1383    Region$$Table       anon$$obj.o


    Execution Region RW_IRAM1 (Exec base: 0x20000000, Load base: 0x08006c90, Size: 0x00013530, Max: 0x00020000, ABSOLUTE, COMPRESSED[0x00000048])

    Exec Addr    Load Addr    Size         Type   Attr      Idx    E Section Name        Object

    0x20000000   COMPRESSED   0x00000014   Data   RW           13    .data               system_stm32f4xx.o
    0x20000014   COMPRESSED   0x00000004   PAD
    0x20000018   COMPRESSED   0x00000074   Data   RW          142    .data               main.o
    0x2000008c   COMPRESSED   0x00000024   Data   RW          222    .data               discoveryf4utils.o
    0x200000b0   COMPRESSED   0x00000038   Data   RW          397    .data               tasks.o
    0x200000e8   COMPRESSED   0x00000010   Data   RW          424    .data               timers.o
    0x200000f8   COMPRESSED   0x0000000c   Data   RW          447    .data               port.o
    0x20000104   COMPRESSED   0x00000018   Data   RW          473    .data               heap_2.o
    0x2000011c   COMPRESSED   0x00000010   Data   RW          981    .data               stm32f4xx_rcc.o
    0x2000012c        -       0x00000050   Zero   RW          140    .bss                main.o
    0x2000017c        -       0x00000020   Zero   RW          268    .bss                codec.o
    0x2000019c        -       0x00000040   Zero   RW          370    .bss                queue.o
    0x200001dc        -       0x000000c8   Zero   RW          396    .bss                tasks.o
    0x200002a4        -       0x00000028   Zero   RW          423    .bss                timers.o
    0x200002cc        -       0x00012c00   Zero   RW          472    .bss                heap_2.o
    0x20012ecc        -       0x00000060   Zero   RW         1257    .bss                c_w.l(libspace.o)
    0x20012f2c   COMPRESSED   0x00000004   PAD
    0x20012f30        -       0x00000200   Zero   RW            2    HEAP                startup_stm32f4xx.o
    0x20013130        -       0x00000400   Zero   RW            1    STACK               startup_stm32f4xx.o


==============================================================================

Image component sizes


      Code (inc. data)   RO Data    RW Data    ZI Data      Debug   Object Name

      1044         52          0          0         32       2261   codec.o
       552         88         64         36          0       3825   discoveryf4utils.o
         0          0          0          0          0       3836   event_groups.o
       292         26          0         24      76800       3248   heap_2.o
       148          0          0          0          0       1922   list.o
      4036        454          0        116         80      25112   main.o
       224         20          0          0          0       1969   misc.o
       742         50          0         12          0       5454   port.o
      2264          4          0          0         64      11939   queue.o
        64         26        392          0       1536        864   startup_stm32f4xx.o
       272         10          0          0          0       2439   stm32f4xx_exti.o
       660         44          0          0          0       4305   stm32f4xx_gpio.o
      1110         26          0          0          0       8827   stm32f4xx_i2c.o
        20          0          0          0          0        963   stm32f4xx_it.o
      1588         52          0         16          0      13066   stm32f4xx_rcc.o
      1102         32          0          0          0       7077   stm32f4xx_spi.o
       148         12          0          0          0       1905   stm32f4xx_syscfg.o
      3234         60          0          0          0      23164   stm32f4xx_tim.o
      1108         34          0          0          0       8032   stm32f4xx_usart.o
       528         46          0         20          0     301815   system_stm32f4xx.o
      4296        242          0         56        200      17872   tasks.o
      1106         56          0         16         40       6440   timers.o

    ----------------------------------------------------------------------
     24548       1334        488        300      78752     456335   Object Totals
         0          0         32          0          0          0   (incl. Generated)
        10          0          0          4          0          0   (incl. Padding)

    ----------------------------------------------------------------------

      Code (inc. data)   RO Data    RW Data    ZI Data      Debug   Library Member Name

        90          0          0          0          0          0   __dczerorl2.o
         8          0          0          0          0         68   __main.o
         0          0          0          0          0          0   __rtentry.o
        12          0          0          0          0          0   __rtentry2.o
         6          0          0          0          0          0   __rtentry4.o
        52          8          0          0          0          0   __scatter.o
        28          0          0          0          0          0   __scatter_zi.o
        16          0          0          0          0         68   aeabi_memset.o
        18          0          0          0          0         80   exit.o
         6          0          0          0          0        152   heapauxi.o
         0          0          0          0          0          0   indicate_semi.o
         2          0          0          0          0          0   libinit.o
         6          0          0          0          0          0   libinit2.o
         2          0          0          0          0          0   libshutdown.o
         2          0          0          0          0          0   libshutdown2.o
         8          4          0          0         96         68   libspace.o
        68          0          0          0          0         68   rt_memclr.o
        78          0          0          0          0         80   rt_memclr_w.o
       138          0          0          0          0         68   rt_memcpy_v6.o
       100          0          0          0          0         80   rt_memcpy_w.o
         2          0          0          0          0          0   rtexit.o
        10          0          0          0          0          0   rtexit2.o
        12          4          0          0          0         68   sys_exit.o
        74          0          0          0          0         80   sys_stackheap_outer.o
         2          0          0          0          0         68   use_no_semi.o
        98          4          0          0          0        140   d2f.o
       804         16          0          0          0        368   daddsub_clz.o
        24          0          0          0          0        116   dcmpi.o
        94          4          0          0          0        140   dfix.o
       120          4          0          0          0        140   dleqf.o
       340         12          0          0          0        152   dmul.o
       156          4          0          0          0        140   dnaninf.o
        12          0          0          0          0        116   dretinf.o
       108          0          0          0          0        128   drleqf.o
        86          4          0          0          0        132   f2d.o
       140          4          0          0          0        132   fnaninf.o
        10          0          0          0          0        116   fpinit.o
        10          0          0          0          0        116   fretinf.o
         0          0          0          0          0          0   usenofp.o

    ----------------------------------------------------------------------
      2756         68          0          0        100       2884   Library Totals
        14          0          0          0          4          0   (incl. Padding)

    ----------------------------------------------------------------------

      Code (inc. data)   RO Data    RW Data    ZI Data      Debug   Library Name

       740         16          0          0         96        948   c_w.l
      2002         52          0          0          0       1936   fz_wm.l

    ----------------------------------------------------------------------
      2756         68          0          0        100       2884   Library Totals

    ----------------------------------------------------------------------

==============================================================================


      Code (inc. data)   RO Data    RW Data    ZI Data      Debug   

     27304       1402        488        300      78852     452103   Grand Totals
     27304       1402        488         72      78852     452103   ELF Image Totals (compressed)
     27304       1402        488         72          0          0   ROM Totals

==============================================================================

    Total RO  Size (Code + RO Data)                27792 (  27.14kB)
    Total RW  Size (RW Data + ZI Data)             79152 (  77.30kB)
    Total ROM Size (Code + RO Data + RW Data)      27864 (  27.21kB)

==============================================================================

